../Middlewares/Third_Party/FatFs/src/ff.c:808:6:inc_lock	16	static
../Middlewares/Third_Party/FatFs/src/ff.c:2444:6:get_fileinfo.part.0.constprop.isra	8	static
../Middlewares/Third_Party/FatFs/src/ff.c:2965:6:check_fs	16	static
../Middlewares/Third_Party/FatFs/src/ff.c:944:9:sync_fs	24	static
../Middlewares/Third_Party/FatFs/src/ff.c:912:9:move_window	24	static
../Middlewares/Third_Party/FatFs/src/ff.c:2993:9:find_volume	24	static
../Middlewares/Third_Party/FatFs/src/ff.c:1081:9:put_fat.part.0	40	static
../Middlewares/Third_Party/FatFs/src/ff.c:1001:7:get_fat.isra	24	static
../Middlewares/Third_Party/FatFs/src/ff.c:2131:9:dir_read.constprop	32	static
../Middlewares/Third_Party/FatFs/src/ff.c:1351:7:create_chain	40	static
../Middlewares/Third_Party/FatFs/src/ff.c:1470:9:dir_sdi.constprop	32	static
../Middlewares/Third_Party/FatFs/src/ff.c:2813:9:follow_path	56	static
../Middlewares/Third_Party/FatFs/src/ff.c:1271:9:remove_chain	48	static
../Middlewares/Third_Party/FatFs/src/ff.c:2292:9:dir_register	56	static
../Middlewares/Third_Party/FatFs/src/ff.c:3260:9:f_mount	32	static
../Middlewares/Third_Party/FatFs/src/ff.c:3308:9:f_open	96	static
../Middlewares/Third_Party/FatFs/src/ff.c:3511:9:f_read	48	static
../Middlewares/Third_Party/FatFs/src/ff.c:3611:9:f_write	48	static
../Middlewares/Third_Party/FatFs/src/ff.c:3732:9:f_sync	24	static
../Middlewares/Third_Party/FatFs/src/ff.c:3813:9:f_close	24	static
../Middlewares/Third_Party/FatFs/src/ff.c:4001:9:f_lseek	48	static
../Middlewares/Third_Party/FatFs/src/ff.c:4162:9:f_opendir	40	static
../Middlewares/Third_Party/FatFs/src/ff.c:4232:9:f_closedir	16	static
../Middlewares/Third_Party/FatFs/src/ff.c:4265:9:f_readdir	32	static
../Middlewares/Third_Party/FatFs/src/ff.c:4353:9:f_stat	72	static
../Middlewares/Third_Party/FatFs/src/ff.c:4388:9:f_getfree	48	static
../Middlewares/Third_Party/FatFs/src/ff.c:4475:9:f_truncate	16	static
../Middlewares/Third_Party/FatFs/src/ff.c:4525:9:f_unlink	136	static
../Middlewares/Third_Party/FatFs/src/ff.c:4620:9:f_mkdir	120	static
../Middlewares/Third_Party/FatFs/src/ff.c:4717:9:f_rename	160	static
../Middlewares/Third_Party/FatFs/src/ff.c:5301:9:f_mkfs	80	static
../Middlewares/Third_Party/FatFs/src/ff.c:5830:8:f_gets	32	static
../Middlewares/Third_Party/FatFs/src/ff.c:5998:5:f_putc	96	static
../Middlewares/Third_Party/FatFs/src/ff.c:6018:5:f_puts	104	static
../Middlewares/Third_Party/FatFs/src/ff.c:6038:5:f_printf	164	static
