../Drivers/STM32WBxx_HAL_Driver/Src/stm32wbxx_ll_usb.c:67:19:USB_CoreInit	8	static
../Drivers/STM32WBxx_HAL_Driver/Src/stm32wbxx_ll_usb.c:87:19:USB_EnableGlobalInt	0	static
../Drivers/STM32WBxx_HAL_Driver/Src/stm32wbxx_ll_usb.c:112:19:USB_DisableGlobalInt	0	static
../Drivers/STM32WBxx_HAL_Driver/Src/stm32wbxx_ll_usb.c:136:19:USB_SetCurrentMode	0	static
../Drivers/STM32WBxx_HAL_Driver/Src/stm32wbxx_ll_usb.c:157:19:USB_DevInit	8	static
../Drivers/STM32WBxx_HAL_Driver/Src/stm32wbxx_ll_usb.c:186:19:USB_FlushTxFifo	0	static
../Drivers/STM32WBxx_HAL_Driver/Src/stm32wbxx_ll_usb.c:205:19:USB_FlushRxFifo	0	static
../Drivers/STM32WBxx_HAL_Driver/Src/stm32wbxx_ll_usb.c:226:19:USB_ActivateEndpoint	16	static
../Drivers/STM32WBxx_HAL_Driver/Src/stm32wbxx_ll_usb.c:363:19:USB_DeactivateEndpoint	4	static
../Drivers/STM32WBxx_HAL_Driver/Src/stm32wbxx_ll_usb.c:422:19:USB_EPStartXfer	48	static
../Drivers/STM32WBxx_HAL_Driver/Src/stm32wbxx_ll_usb.c:636:19:USB_EPSetStall	0	static
../Drivers/STM32WBxx_HAL_Driver/Src/stm32wbxx_ll_usb.c:656:19:USB_EPClearStall	0	static
../Drivers/STM32WBxx_HAL_Driver/Src/stm32wbxx_ll_usb.c:685:19:USB_EPStopXfer	0	static
../Drivers/STM32WBxx_HAL_Driver/Src/stm32wbxx_ll_usb.c:730:19:USB_StopDevice	0	static
../Drivers/STM32WBxx_HAL_Driver/Src/stm32wbxx_ll_usb.c:751:20:USB_SetDevAddress	0	static
../Drivers/STM32WBxx_HAL_Driver/Src/stm32wbxx_ll_usb.c:767:20:USB_DevConnect	0	static
../Drivers/STM32WBxx_HAL_Driver/Src/stm32wbxx_ll_usb.c:780:20:USB_DevDisconnect	0	static
../Drivers/STM32WBxx_HAL_Driver/Src/stm32wbxx_ll_usb.c:793:10:USB_ReadInterrupts	0	static
../Drivers/STM32WBxx_HAL_Driver/Src/stm32wbxx_ll_usb.c:806:19:USB_ActivateRemoteWakeup	0	static
../Drivers/STM32WBxx_HAL_Driver/Src/stm32wbxx_ll_usb.c:818:19:USB_DeActivateRemoteWakeup	0	static
../Drivers/STM32WBxx_HAL_Driver/Src/stm32wbxx_ll_usb.c:833:6:USB_WritePMA	0	static
../Drivers/STM32WBxx_HAL_Driver/Src/stm32wbxx_ll_usb.c:868:6:USB_ReadPMA	16	static
