../USB_Device/Target/usbd_conf.c:73:6:HAL_PCD_MspInit	48	static
../USB_Device/Target/usbd_conf.c:110:6:HAL_PCD_MspDeInit	8	static
../USB_Device/Target/usbd_conf.c:144:6:HAL_PCD_SetupStageCallback	0	static
../USB_Device/Target/usbd_conf.c:165:6:HAL_PCD_DataOutStageCallback	0	static
../USB_Device/Target/usbd_conf.c:186:6:HAL_PCD_DataInStageCallback	0	static
../USB_Device/Target/usbd_conf.c:206:6:HAL_PCD_SOFCallback	0	static
../USB_Device/Target/usbd_conf.c:226:6:HAL_PCD_ResetCallback	8	static
../USB_Device/Target/usbd_conf.c:257:6:HAL_PCD_SuspendCallback	8	static
../USB_Device/Target/usbd_conf.c:287:6:HAL_PCD_ResumeCallback	8	static
../USB_Device/Target/usbd_conf.c:318:6:HAL_PCD_ISOOUTIncompleteCallback	0	static
../USB_Device/Target/usbd_conf.c:339:6:HAL_PCD_ISOINIncompleteCallback	0	static
../USB_Device/Target/usbd_conf.c:359:6:HAL_PCD_ConnectCallback	0	static
../USB_Device/Target/usbd_conf.c:379:6:HAL_PCD_DisconnectCallback	0	static
../USB_Device/Target/usbd_conf.c:404:20:USBD_LL_Init	16	static
../USB_Device/Target/usbd_conf.c:469:20:USBD_LL_DeInit	8	static
../USB_Device/Target/usbd_conf.c:486:20:USBD_LL_Start	8	static
../USB_Device/Target/usbd_conf.c:503:20:USBD_LL_Stop	8	static
../USB_Device/Target/usbd_conf.c:523:20:USBD_LL_OpenEP	8	static
../USB_Device/Target/usbd_conf.c:541:20:USBD_LL_CloseEP	8	static
../USB_Device/Target/usbd_conf.c:559:20:USBD_LL_FlushEP	8	static
../USB_Device/Target/usbd_conf.c:577:20:USBD_LL_StallEP	8	static
../USB_Device/Target/usbd_conf.c:595:20:USBD_LL_ClearStallEP	8	static
../USB_Device/Target/usbd_conf.c:613:9:USBD_LL_IsStallEP	0	static
../USB_Device/Target/usbd_conf.c:633:20:USBD_LL_SetUSBAddress	8	static
../USB_Device/Target/usbd_conf.c:653:20:USBD_LL_Transmit	8	static
../USB_Device/Target/usbd_conf.c:673:20:USBD_LL_PrepareReceive	8	static
../USB_Device/Target/usbd_conf.c:691:10:USBD_LL_GetRxDataSize	0	static
../USB_Device/Target/usbd_conf.c:701:6:USBD_LL_Delay	0	static
../USB_Device/Target/usbd_conf.c:711:7:USBD_static_malloc	0	static
../USB_Device/Target/usbd_conf.c:723:6:USBD_static_free	0	static
