../Core/Src/main.c:128:6:HAL_GPIO_EXTI_Callback	16	static
../Core/Src/main.c:147:6:HAL_UART_RxCpltCallback	40	static
../Core/Src/main.c:177:5:main	16	static
../Core/Src/main.c:263:6:SystemClock_Config	96	static
../Core/Src/main.c:314:13:MX_DAC1_Init	48	static
../Core/Src/main.c:357:13:MX_I2C1_Init	8	static
../Core/Src/main.c:405:13:MX_I2C3_Init	8	static
../Core/Src/main.c:453:13:MX_LPTIM1_Init	8	static
../Core/Src/main.c:487:13:MX_LPUART1_UART_Init	8	static
../Core/Src/main.c:519:13:MX_DMA_Init	16	static
../Core/Src/main.c:537:13:MX_GPIO_Init	40	static
../Core/Src/main.c:590:6:Error_Handler	4	static,ignoring_inline_asm
