../Core/Src/ssd1306.c:7:6:ssd1306_Reset	4	static
../Core/Src/ssd1306.c:12:6:ssd1306_WriteCommand	32	static
../Core/Src/ssd1306.c:17:6:ssd1306_WriteData	32	static
../Core/Src/ssd1306.c:28:17:ssd1306_FillBuffer	24	static
../Core/Src/ssd1306.c:38:6:ssd1306_Init	8	static
../Core/Src/ssd1306.c:140:6:ssd1306_Fill	16	static
../Core/Src/ssd1306.c:145:6:ssd1306_UpdateScreen	16	static
../Core/Src/ssd1306.c:166:6:ssd1306_DrawPixel	16	static
../Core/Src/ssd1306.c:186:6:ssd1306_WriteChar	48	static
../Core/Src/ssd1306.c:221:6:ssd1306_WriteString	24	static
../Core/Src/ssd1306.c:235:6:ssd1306_SetCursor	16	static
../Core/Src/ssd1306.c:241:6:ssd1306_Line	48	static
../Core/Src/ssd1306.c:268:6:ssd1306_Polyline	40	static
../Core/Src/ssd1306.c:282:14:ssd1306_DegToRad	16	static
../Core/Src/ssd1306.c:287:17:ssd1306_NormalizeTo0_360	24	static
../Core/Src/ssd1306.c:303:6:ssd1306_DrawArc	56	static
../Core/Src/ssd1306.c:343:6:ssd1306_DrawArcWithRadiusLine	64	static
../Core/Src/ssd1306.c:386:6:ssd1306_DrawCircle	40	static
../Core/Src/ssd1306.c:421:6:ssd1306_FillCircle	48	static
../Core/Src/ssd1306.c:457:6:ssd1306_DrawRectangle	32	static
../Core/Src/ssd1306.c:467:6:ssd1306_FillRectangle	32	static
../Core/Src/ssd1306.c:482:6:ssd1306_DrawBitmap	24	static
../Core/Src/ssd1306.c:506:6:ssd1306_SetContrast	24	static
../Core/Src/ssd1306.c:512:6:ssd1306_SetDisplayOn	24	static
../Core/Src/ssd1306.c:524:9:ssd1306_GetDisplayOn	4	static
../Core/Src/ssd1306.c:528:6:ssd1306_Drawarrow	32	static
../Core/Src/ssd1306.c:637:6:ssd1306_Drawarrow2	56	static
