../Core/Src/stm32l4xx_it.c:88:6:NMI_Handler	4	static
../Core/Src/stm32l4xx_it.c:103:6:HardFault_Handler	4	static
../Core/Src/stm32l4xx_it.c:125:6:MemManage_Handler	4	static
../Core/Src/stm32l4xx_it.c:140:6:BusFault_Handler	4	static
../Core/Src/stm32l4xx_it.c:155:6:UsageFault_Handler	4	static
../Core/Src/stm32l4xx_it.c:170:6:SVC_Handler	4	static
../Core/Src/stm32l4xx_it.c:183:6:DebugMon_Handler	4	static
../Core/Src/stm32l4xx_it.c:196:6:PendSV_Handler	4	static
../Core/Src/stm32l4xx_it.c:209:6:SysTick_Handler	8	static
../Core/Src/stm32l4xx_it.c:231:6:EXTI1_IRQHandler	8	static
../Core/Src/stm32l4xx_it.c:245:6:DMA1_Channel1_IRQHandler	8	static
../Core/Src/stm32l4xx_it.c:259:6:DMA1_Channel2_IRQHandler	8	static
../Core/Src/stm32l4xx_it.c:273:6:DMA1_Channel3_IRQHandler	8	static
../Core/Src/stm32l4xx_it.c:287:6:ADC1_IRQHandler	8	static
../Core/Src/stm32l4xx_it.c:301:6:EXTI9_5_IRQHandler	8	static
../Core/Src/stm32l4xx_it.c:315:6:TIM1_BRK_TIM15_IRQHandler	8	static
../Core/Src/stm32l4xx_it.c:330:6:SPI1_IRQHandler	8	static
../Core/Src/stm32l4xx_it.c:344:6:TIM7_IRQHandler	8	static
../Core/Src/stm32l4xx_it.c:367:6:USB_IRQHandler	8	static
../Core/Src/stm32l4xx_it.c:381:6:DMA2_Channel7_IRQHandler	8	static
../Core/Src/stm32l4xx_it.c:395:6:LPUART1_IRQHandler	8	static
