../Core/Src/stm32l4xx_it.c:72:6:NMI_Handler	4	static
../Core/Src/stm32l4xx_it.c:87:6:HardFault_Handler	4	static
../Core/Src/stm32l4xx_it.c:109:6:MemManage_Handler	4	static
../Core/Src/stm32l4xx_it.c:124:6:BusFault_Handler	4	static
../Core/Src/stm32l4xx_it.c:139:6:UsageFault_Handler	4	static
../Core/Src/stm32l4xx_it.c:154:6:SVC_Handler	4	static
../Core/Src/stm32l4xx_it.c:167:6:DebugMon_Handler	4	static
../Core/Src/stm32l4xx_it.c:180:6:PendSV_Handler	4	static
../Core/Src/stm32l4xx_it.c:193:6:SysTick_Handler	8	static
../Core/Src/stm32l4xx_it.c:215:6:EXTI1_IRQHandler	8	static
../Core/Src/stm32l4xx_it.c:229:6:DMA1_Channel1_IRQHandler	8	static
../Core/Src/stm32l4xx_it.c:243:6:ADC1_IRQHandler	8	static
../Core/Src/stm32l4xx_it.c:257:6:EXTI9_5_IRQHandler	8	static
../Core/Src/stm32l4xx_it.c:271:6:USB_IRQHandler	8	static
../Core/Src/stm32l4xx_it.c:285:6:DMA2_Channel7_IRQHandler	8	static
../Core/Src/stm32l4xx_it.c:299:6:LPUART1_IRQHandler	8	static
