../Core/Src/stm32l4xx_it.c:69:6:NMI_Handler	4	static
../Core/Src/stm32l4xx_it.c:84:6:HardFault_Handler	8	static
../Core/Src/stm32l4xx_it.c:106:6:MemManage_Handler	4	static
../Core/Src/stm32l4xx_it.c:121:6:BusFault_Handler	4	static
../Core/Src/stm32l4xx_it.c:136:6:UsageFault_Handler	4	static
../Core/Src/stm32l4xx_it.c:151:6:SVC_Handler	4	static
../Core/Src/stm32l4xx_it.c:164:6:DebugMon_Handler	4	static
../Core/Src/stm32l4xx_it.c:177:6:PendSV_Handler	4	static
../Core/Src/stm32l4xx_it.c:190:6:SysTick_Handler	8	static
../Core/Src/stm32l4xx_it.c:211:6:EXTI15_10_IRQHandler	8	static
../Core/Src/stm32l4xx_it.c:226:6:DMA2_Channel7_IRQHandler	8	static
../Core/Src/stm32l4xx_it.c:240:6:LPUART1_IRQHandler	8	static
