../Core/Src/stm32l4xx_it.c:86:6:NMI_Handler	4	static
../Core/Src/stm32l4xx_it.c:101:6:HardFault_Handler	4	static
../Core/Src/stm32l4xx_it.c:123:6:MemManage_Handler	4	static
../Core/Src/stm32l4xx_it.c:138:6:BusFault_Handler	4	static
../Core/Src/stm32l4xx_it.c:153:6:UsageFault_Handler	4	static
../Core/Src/stm32l4xx_it.c:168:6:SVC_Handler	4	static
../Core/Src/stm32l4xx_it.c:181:6:DebugMon_Handler	4	static
../Core/Src/stm32l4xx_it.c:194:6:PendSV_Handler	4	static
../Core/Src/stm32l4xx_it.c:207:6:SysTick_Handler	8	static
../Core/Src/stm32l4xx_it.c:229:6:EXTI1_IRQHandler	8	static
../Core/Src/stm32l4xx_it.c:243:6:DMA1_Channel1_IRQHandler	8	static
../Core/Src/stm32l4xx_it.c:257:6:DMA1_Channel2_IRQHandler	8	static
../Core/Src/stm32l4xx_it.c:271:6:DMA1_Channel3_IRQHandler	8	static
../Core/Src/stm32l4xx_it.c:285:6:ADC1_IRQHandler	8	static
../Core/Src/stm32l4xx_it.c:299:6:EXTI9_5_IRQHandler	8	static
../Core/Src/stm32l4xx_it.c:313:6:SPI1_IRQHandler	8	static
../Core/Src/stm32l4xx_it.c:327:6:TIM7_IRQHandler	8	static
../Core/Src/stm32l4xx_it.c:348:6:USB_IRQHandler	8	static
../Core/Src/stm32l4xx_it.c:362:6:DMA2_Channel7_IRQHandler	8	static
../Core/Src/stm32l4xx_it.c:376:6:LPUART1_IRQHandler	8	static
