../Core/Src/stm32l4xx_it.c:91:6:NMI_Handler	4	static
../Core/Src/stm32l4xx_it.c:106:6:HardFault_Handler	4	static
../Core/Src/stm32l4xx_it.c:128:6:MemManage_Handler	4	static
../Core/Src/stm32l4xx_it.c:143:6:BusFault_Handler	4	static
../Core/Src/stm32l4xx_it.c:158:6:UsageFault_Handler	4	static
../Core/Src/stm32l4xx_it.c:173:6:SVC_Handler	4	static
../Core/Src/stm32l4xx_it.c:186:6:DebugMon_Handler	4	static
../Core/Src/stm32l4xx_it.c:199:6:PendSV_Handler	4	static
../Core/Src/stm32l4xx_it.c:212:6:SysTick_Handler	8	static
../Core/Src/stm32l4xx_it.c:234:6:EXTI1_IRQHandler	8	static
../Core/Src/stm32l4xx_it.c:248:6:DMA1_Channel1_IRQHandler	8	static
../Core/Src/stm32l4xx_it.c:262:6:DMA1_Channel2_IRQHandler	8	static
../Core/Src/stm32l4xx_it.c:276:6:DMA1_Channel3_IRQHandler	8	static
../Core/Src/stm32l4xx_it.c:290:6:ADC1_IRQHandler	8	static
../Core/Src/stm32l4xx_it.c:304:6:EXTI9_5_IRQHandler	8	static
../Core/Src/stm32l4xx_it.c:318:6:TIM1_BRK_TIM15_IRQHandler	8	static
../Core/Src/stm32l4xx_it.c:333:6:SPI1_IRQHandler	8	static
../Core/Src/stm32l4xx_it.c:347:6:TIM6_DAC_IRQHandler	8	static
../Core/Src/stm32l4xx_it.c:365:6:TIM7_IRQHandler	8	static
../Core/Src/stm32l4xx_it.c:388:6:USB_IRQHandler	8	static
../Core/Src/stm32l4xx_it.c:402:6:DMA2_Channel7_IRQHandler	8	static
../Core/Src/stm32l4xx_it.c:416:6:LPUART1_IRQHandler	8	static
