../Middlewares/Third_Party/NimaLTD_Driver/SPIF/spif.c:116:6:SPIF_Delay	0	static
../Middlewares/Third_Party/NimaLTD_Driver/SPIF/spif.c:135:6:SPIF_Lock	8	static
../Middlewares/Third_Party/NimaLTD_Driver/SPIF/spif.c:146:6:SPIF_UnLock	0	static
../Middlewares/Third_Party/NimaLTD_Driver/SPIF/spif.c:153:6:SPIF_CsPin	0	static
../Middlewares/Third_Party/NimaLTD_Driver/SPIF/spif.c:161:6:SPIF_TransmitReceive	32	static
../Middlewares/Third_Party/NimaLTD_Driver/SPIF/spif.c:203:6:SPIF_Transmit	24	static
../Middlewares/Third_Party/NimaLTD_Driver/SPIF/spif.c:245:6:SPIF_Receive	24	static
../Middlewares/Third_Party/NimaLTD_Driver/SPIF/spif.c:287:6:SPIF_WriteEnable	24	static
../Middlewares/Third_Party/NimaLTD_Driver/SPIF/spif.c:303:6:SPIF_WriteDisable	24	static
../Middlewares/Third_Party/NimaLTD_Driver/SPIF/spif.c:319:9:SPIF_ReadReg1	24	static
../Middlewares/Third_Party/NimaLTD_Driver/SPIF/spif.c:335:9:SPIF_ReadReg2	24	static
../Middlewares/Third_Party/NimaLTD_Driver/SPIF/spif.c:351:9:SPIF_ReadReg3	24	static
../Middlewares/Third_Party/NimaLTD_Driver/SPIF/spif.c:367:6:SPIF_WriteReg1	24	static
../Middlewares/Third_Party/NimaLTD_Driver/SPIF/spif.c:397:6:SPIF_WriteReg2	24	static
../Middlewares/Third_Party/NimaLTD_Driver/SPIF/spif.c:427:6:SPIF_WriteReg3	24	static
../Middlewares/Third_Party/NimaLTD_Driver/SPIF/spif.c:457:6:SPIF_WaitForWriting	32	static
../Middlewares/Third_Party/NimaLTD_Driver/SPIF/spif.c:480:6:SPIF_FindChip	24	static
../Middlewares/Third_Party/NimaLTD_Driver/SPIF/spif.c:623:6:SPIF_WriteFn	40	static
../Middlewares/Third_Party/NimaLTD_Driver/SPIF/spif.c:711:6:SPIF_ReadFn	32	static
../Middlewares/Third_Party/NimaLTD_Driver/SPIF/spif.c:788:6:SPIF_Init	24	static
../Middlewares/Third_Party/NimaLTD_Driver/SPIF/spif.c:834:6:SPIF_EraseChip	24	static
../Middlewares/Third_Party/NimaLTD_Driver/SPIF/spif.c:880:6:SPIF_EraseSector	40	static
../Middlewares/Third_Party/NimaLTD_Driver/SPIF/spif.c:952:6:SPIF_EraseBlock	40	static
../Middlewares/Third_Party/NimaLTD_Driver/SPIF/spif.c:1027:6:SPIF_WriteAddress	64	static
../Middlewares/Third_Party/NimaLTD_Driver/SPIF/spif.c:1081:6:SPIF_WritePage	32	static
../Middlewares/Third_Party/NimaLTD_Driver/SPIF/spif.c:1105:6:SPIF_WriteSector	40	static
../Middlewares/Third_Party/NimaLTD_Driver/SPIF/spif.c:1158:6:SPIF_WriteBlock	40	static
../Middlewares/Third_Party/NimaLTD_Driver/SPIF/spif.c:1211:6:SPIF_ReadAddress	24	static
../Middlewares/Third_Party/NimaLTD_Driver/SPIF/spif.c:1234:6:SPIF_ReadPage	32	static
../Middlewares/Third_Party/NimaLTD_Driver/SPIF/spif.c:1263:6:SPIF_ReadSector	32	static
../Middlewares/Third_Party/NimaLTD_Driver/SPIF/spif.c:1292:6:SPIF_ReadBlock	32	static
