../Middlewares/Third_Party/NimaLTD_Driver/SPIF/spif.c:117:6:SPIF_Delay	0	static
../Middlewares/Third_Party/NimaLTD_Driver/SPIF/spif.c:136:6:SPIF_Lock	8	static
../Middlewares/Third_Party/NimaLTD_Driver/SPIF/spif.c:147:6:SPIF_UnLock	0	static
../Middlewares/Third_Party/NimaLTD_Driver/SPIF/spif.c:154:6:SPIF_CsPin	0	static
../Middlewares/Third_Party/NimaLTD_Driver/SPIF/spif.c:162:6:SPIF_TransmitReceive	32	static
../Middlewares/Third_Party/NimaLTD_Driver/SPIF/spif.c:204:6:SPIF_Transmit	24	static
../Middlewares/Third_Party/NimaLTD_Driver/SPIF/spif.c:246:6:SPIF_Receive	24	static
../Middlewares/Third_Party/NimaLTD_Driver/SPIF/spif.c:288:6:SPIF_WriteEnable	24	static
../Middlewares/Third_Party/NimaLTD_Driver/SPIF/spif.c:304:6:SPIF_WriteDisable	24	static
../Middlewares/Third_Party/NimaLTD_Driver/SPIF/spif.c:320:9:SPIF_ReadReg1	24	static
../Middlewares/Third_Party/NimaLTD_Driver/SPIF/spif.c:336:9:SPIF_ReadReg2	24	static
../Middlewares/Third_Party/NimaLTD_Driver/SPIF/spif.c:352:9:SPIF_ReadReg3	24	static
../Middlewares/Third_Party/NimaLTD_Driver/SPIF/spif.c:368:6:SPIF_WriteReg1	24	static
../Middlewares/Third_Party/NimaLTD_Driver/SPIF/spif.c:398:6:SPIF_WriteReg2	24	static
../Middlewares/Third_Party/NimaLTD_Driver/SPIF/spif.c:428:6:SPIF_WriteReg3	24	static
../Middlewares/Third_Party/NimaLTD_Driver/SPIF/spif.c:458:6:SPIF_WaitForWriting	32	static
../Middlewares/Third_Party/NimaLTD_Driver/SPIF/spif.c:481:6:SPIF_FindChip	24	static
../Middlewares/Third_Party/NimaLTD_Driver/SPIF/spif.c:624:6:SPIF_WriteFn	40	static
../Middlewares/Third_Party/NimaLTD_Driver/SPIF/spif.c:712:6:SPIF_ReadFn	32	static
../Middlewares/Third_Party/NimaLTD_Driver/SPIF/spif.c:789:6:SPIF_Init	24	static
../Middlewares/Third_Party/NimaLTD_Driver/SPIF/spif.c:835:6:SPIF_EraseChip	24	static
../Middlewares/Third_Party/NimaLTD_Driver/SPIF/spif.c:881:6:SPIF_EraseSector	40	static
../Middlewares/Third_Party/NimaLTD_Driver/SPIF/spif.c:953:6:SPIF_EraseBlock	40	static
../Middlewares/Third_Party/NimaLTD_Driver/SPIF/spif.c:1028:6:SPIF_WriteAddress	64	static
../Middlewares/Third_Party/NimaLTD_Driver/SPIF/spif.c:1082:6:SPIF_WritePage	32	static
../Middlewares/Third_Party/NimaLTD_Driver/SPIF/spif.c:1106:6:SPIF_WriteSector	40	static
../Middlewares/Third_Party/NimaLTD_Driver/SPIF/spif.c:1159:6:SPIF_WriteBlock	40	static
../Middlewares/Third_Party/NimaLTD_Driver/SPIF/spif.c:1212:6:SPIF_ReadAddress	24	static
../Middlewares/Third_Party/NimaLTD_Driver/SPIF/spif.c:1235:6:SPIF_ReadPage	32	static
../Middlewares/Third_Party/NimaLTD_Driver/SPIF/spif.c:1264:6:SPIF_ReadSector	32	static
../Middlewares/Third_Party/NimaLTD_Driver/SPIF/spif.c:1293:6:SPIF_ReadBlock	32	static
