../Core/Src/ssd1289.c:12:6:swap	24	static
../Core/Src/ssd1289.c:22:6:SSD1289_Write_Com	16	static
../Core/Src/ssd1289.c:33:6:SSD1289_Write_Data	16	static
../Core/Src/ssd1289.c:44:6:SSD1289_Write_Com_Data	16	static
../Core/Src/ssd1289.c:51:6:SSD1289_Reset	8	static
../Core/Src/ssd1289.c:58:6:SSD1289_Address_Set	24	static
../Core/Src/ssd1289.c:73:6:SSD1289_Write_Pixel	16	static
../Core/Src/ssd1289.c:86:6:SSD1289_Draw_Line	40	static
../Core/Src/ssd1289.c:157:6:SSD1289_Set_Cursor	16	static
../Core/Src/ssd1289.c:167:6:SSD1289_Fill_Color	32	static
../Core/Src/ssd1289.c:178:6:SSD1289_Write_Pic_Coor	32	static
../Core/Src/ssd1289.c:187:6:SSD1289_Print_Char	48	static
../Core/Src/ssd1289.c:210:6:SSD1289_Print_String	40	static
../Core/Src/ssd1289.c:225:6:SSD1289_Print	32	static
../Core/Src/ssd1289.c:229:6:SSD1289_Draw_V_Line	24	static
../Core/Src/ssd1289.c:245:6:SSD1289_Draw_H_Line	24	static
../Core/Src/ssd1289.c:259:6:SSD1289_Draw_Rectangle	40	static
../Core/Src/ssd1289.c:314:6:SSD1289_Write_Pic	24	static
../Core/Src/ssd1289.c:330:6:SSD1289_Write_Back_Ground	24	static
../Core/Src/ssd1289.c:339:6:SSD1289_Clear_Screen	8	static
../Core/Src/ssd1289.c:342:6:SSD1289_Init	8	static
