../Core/Src/stm32wbxx_it.c:88:6:NMI_Handler	8	static
../Core/Src/stm32wbxx_it.c:106:6:HardFault_Handler	8	static
../Core/Src/stm32wbxx_it.c:124:6:MemManage_Handler	8	static
../Core/Src/stm32wbxx_it.c:142:6:BusFault_Handler	8	static
../Core/Src/stm32wbxx_it.c:160:6:UsageFault_Handler	8	static
../Core/Src/stm32wbxx_it.c:178:6:SVC_Handler	4	static
../Core/Src/stm32wbxx_it.c:191:6:DebugMon_Handler	4	static
../Core/Src/stm32wbxx_it.c:204:6:PendSV_Handler	4	static
../Core/Src/stm32wbxx_it.c:217:6:SysTick_Handler	8	static
../Core/Src/stm32wbxx_it.c:238:6:RTC_WKUP_IRQHandler	8	static
../Core/Src/stm32wbxx_it.c:252:6:DMA1_Channel1_IRQHandler	8	static
../Core/Src/stm32wbxx_it.c:266:6:DMA1_Channel2_IRQHandler	8	static
../Core/Src/stm32wbxx_it.c:280:6:DMA1_Channel3_IRQHandler	8	static
../Core/Src/stm32wbxx_it.c:294:6:DMA1_Channel4_IRQHandler	8	static
../Core/Src/stm32wbxx_it.c:308:6:USB_LP_IRQHandler	8	static
../Core/Src/stm32wbxx_it.c:322:6:TIM1_UP_TIM16_IRQHandler	8	static
../Core/Src/stm32wbxx_it.c:337:6:TIM1_TRG_COM_TIM17_IRQHandler	8	static
../Core/Src/stm32wbxx_it.c:354:6:SPI1_IRQHandler	8	static
../Core/Src/stm32wbxx_it.c:368:6:LPUART1_IRQHandler	8	static
../Core/Src/stm32wbxx_it.c:382:6:EXTI15_10_IRQHandler	8	static
../Core/Src/stm32wbxx_it.c:397:6:IPCC_C1_RX_IRQHandler	8	static
../Core/Src/stm32wbxx_it.c:411:6:IPCC_C1_TX_IRQHandler	8	static
../Core/Src/stm32wbxx_it.c:425:6:HSEM_IRQHandler	8	static
