../Drivers/STM32WBxx_HAL_Driver/Inc/stm32wbxx_ll_bus.h:939:22:LL_APB1_GRP1_EnableClock	24	static
../Drivers/STM32WBxx_HAL_Driver/Inc/stm32wbxx_ll_bus.h:1038:22:LL_APB1_GRP1_DisableClock	16	static
../Drivers/STM32WBxx_HAL_Driver/Inc/stm32wbxx_ll_bus.h:1274:22:LL_APB2_GRP1_EnableClock	24	static
../Drivers/STM32WBxx_HAL_Driver/Inc/stm32wbxx_ll_bus.h:1328:22:LL_APB2_GRP1_DisableClock	16	static
../Core/Src/tim.c:38:6:MX_TIM2_Init	40	static
../Core/Src/tim.c:78:6:MX_TIM16_Init	8	static
../Core/Src/tim.c:105:6:MX_TIM17_Init	8	static
../Core/Src/tim.c:132:6:HAL_TIM_Base_MspInit	16	static
../Core/Src/tim.c:178:6:HAL_TIM_Base_MspDeInit	16	static
../Core/Src/tim.c:223:6:updatedate	4	static
