../Core/Src/w25q.c:117:6:SPIF_Delay	0	static
../Core/Src/w25q.c:134:6:SPIF_Lock	0	static
../Core/Src/w25q.c:145:6:SPIF_UnLock	0	static
../Core/Src/w25q.c:152:6:SPIF_CsPin	0	static
../Core/Src/w25q.c:160:6:SPIF_TransmitReceive	16	static
../Core/Src/w25q.c:178:6:SPIF_Transmit	8	static
../Core/Src/w25q.c:195:6:SPIF_Receive	8	static
../Core/Src/w25q.c:212:6:SPIF_WriteEnable	16	static
../Core/Src/w25q.c:227:6:SPIF_WriteDisable	16	static
../Core/Src/w25q.c:242:9:SPIF_ReadReg1	32	static
../Core/Src/w25q.c:258:9:SPIF_ReadReg2	32	static
../Core/Src/w25q.c:274:9:SPIF_ReadReg3	32	static
../Core/Src/w25q.c:290:6:SPIF_WriteReg1	24	static
../Core/Src/w25q.c:320:6:SPIF_WriteReg2	24	static
../Core/Src/w25q.c:350:6:SPIF_WriteReg3	24	static
../Core/Src/w25q.c:380:6:SPIF_WaitForWriting	40	static
../Core/Src/w25q.c:403:6:SPIF_FindChip	24	static
../Core/Src/w25q.c:535:6:SPIF_WriteFn	48	static
../Core/Src/w25q.c:604:6:SPIF_ReadFn	32	static
../Core/Src/w25q.c:664:6:SPIF_Init	24	static
../Core/Src/w25q.c:710:6:SPIF_EraseChip	48	static
../Core/Src/w25q.c:751:6:SPIF_EraseSector	48	static
../Core/Src/w25q.c:821:6:SPIF_WriteAddress	72	static
../Core/Src/w25q.c:875:6:SPIF_WritePage	48	static
../Core/Src/w25q.c:899:6:SPIF_WriteSector	72	static
../Core/Src/w25q.c:950:6:SPIF_ReadAddress	32	static
../Core/Src/w25q.c:973:6:SPIF_ReadPage	32	static
../Core/Src/w25q.c:1002:6:SPIF_ReadSector	32	static
