../Drivers/STM32L4xx_HAL_Driver/Src/stm32l4xx_hal_rtc.c:246:19:HAL_RTC_Init	24	static
../Drivers/STM32L4xx_HAL_Driver/Src/stm32l4xx_hal_rtc.c:391:19:HAL_RTC_DeInit	24	static
../Drivers/STM32L4xx_HAL_Driver/Src/stm32l4xx_hal_rtc.c:707:13:HAL_RTC_MspInit	16	static
../Drivers/STM32L4xx_HAL_Driver/Src/stm32l4xx_hal_rtc.c:722:13:HAL_RTC_MspDeInit	16	static
../Drivers/STM32L4xx_HAL_Driver/Src/stm32l4xx_hal_rtc.c:1454:19:HAL_RTC_SetTime	40	static
../Drivers/STM32L4xx_HAL_Driver/Src/stm32l4xx_hal_rtc.c:1564:19:HAL_RTC_GetTime	32	static
../Drivers/STM32L4xx_HAL_Driver/Src/stm32l4xx_hal_rtc.c:1608:19:HAL_RTC_SetDate	40	static
../Drivers/STM32L4xx_HAL_Driver/Src/stm32l4xx_hal_rtc.c:1692:19:HAL_RTC_GetDate	32	static
../Drivers/STM32L4xx_HAL_Driver/Src/stm32l4xx_hal_rtc.c:1746:19:HAL_RTC_SetAlarm	48	static
../Drivers/STM32L4xx_HAL_Driver/Src/stm32l4xx_hal_rtc.c:1933:19:HAL_RTC_SetAlarm_IT	48	static
../Drivers/STM32L4xx_HAL_Driver/Src/stm32l4xx_hal_rtc.c:2123:19:HAL_RTC_DeactivateAlarm	24	static
../Drivers/STM32L4xx_HAL_Driver/Src/stm32l4xx_hal_rtc.c:2225:19:HAL_RTC_GetAlarm	32	static
../Drivers/STM32L4xx_HAL_Driver/Src/stm32l4xx_hal_rtc.c:2287:6:HAL_RTC_DST_Add1Hour	16	static
../Drivers/STM32L4xx_HAL_Driver/Src/stm32l4xx_hal_rtc.c:2300:6:HAL_RTC_DST_Sub1Hour	16	static
../Drivers/STM32L4xx_HAL_Driver/Src/stm32l4xx_hal_rtc.c:2313:6:HAL_RTC_DST_SetStoreOperation	16	static
../Drivers/STM32L4xx_HAL_Driver/Src/stm32l4xx_hal_rtc.c:2325:6:HAL_RTC_DST_ClearStoreOperation	16	static
../Drivers/STM32L4xx_HAL_Driver/Src/stm32l4xx_hal_rtc.c:2337:10:HAL_RTC_DST_ReadStoreOperation	16	static
../Drivers/STM32L4xx_HAL_Driver/Src/stm32l4xx_hal_rtc.c:2347:6:HAL_RTC_AlarmIRQHandler	16	static
../Drivers/STM32L4xx_HAL_Driver/Src/stm32l4xx_hal_rtc.c:2428:13:HAL_RTC_AlarmAEventCallback	16	static
../Drivers/STM32L4xx_HAL_Driver/Src/stm32l4xx_hal_rtc.c:2444:19:HAL_RTC_PollForAlarmAEvent	24	static
../Drivers/STM32L4xx_HAL_Driver/Src/stm32l4xx_hal_rtc.c:2503:19:HAL_RTC_WaitForSynchro	24	static
../Drivers/STM32L4xx_HAL_Driver/Src/stm32l4xx_hal_rtc.c:2559:21:HAL_RTC_GetState	16	static
../Drivers/STM32L4xx_HAL_Driver/Src/stm32l4xx_hal_rtc.c:2583:19:RTC_EnterInitMode	24	static
../Drivers/STM32L4xx_HAL_Driver/Src/stm32l4xx_hal_rtc.c:2633:19:RTC_ExitInitMode	24	static
../Drivers/STM32L4xx_HAL_Driver/Src/stm32l4xx_hal_rtc.c:2677:9:RTC_ByteToBcd2	24	static
../Drivers/STM32L4xx_HAL_Driver/Src/stm32l4xx_hal_rtc.c:2696:9:RTC_Bcd2ToByte	24	static
