../Drivers/STM32L4xx_HAL_Driver/Src/stm32l4xx_hal_rtc.c:246:19:HAL_RTC_Init	24	static
../Drivers/STM32L4xx_HAL_Driver/Src/stm32l4xx_hal_rtc.c:396:19:HAL_RTC_DeInit	24	static
../Drivers/STM32L4xx_HAL_Driver/Src/stm32l4xx_hal_rtc.c:715:13:HAL_RTC_MspInit	16	static
../Drivers/STM32L4xx_HAL_Driver/Src/stm32l4xx_hal_rtc.c:730:13:HAL_RTC_MspDeInit	16	static
../Drivers/STM32L4xx_HAL_Driver/Src/stm32l4xx_hal_rtc.c:1462:19:HAL_RTC_SetTime	40	static
../Drivers/STM32L4xx_HAL_Driver/Src/stm32l4xx_hal_rtc.c:1572:19:HAL_RTC_GetTime	32	static
../Drivers/STM32L4xx_HAL_Driver/Src/stm32l4xx_hal_rtc.c:1616:19:HAL_RTC_SetDate	40	static
../Drivers/STM32L4xx_HAL_Driver/Src/stm32l4xx_hal_rtc.c:1700:19:HAL_RTC_GetDate	32	static
../Drivers/STM32L4xx_HAL_Driver/Src/stm32l4xx_hal_rtc.c:1754:19:HAL_RTC_SetAlarm	48	static
../Drivers/STM32L4xx_HAL_Driver/Src/stm32l4xx_hal_rtc.c:1941:19:HAL_RTC_SetAlarm_IT	48	static
../Drivers/STM32L4xx_HAL_Driver/Src/stm32l4xx_hal_rtc.c:2131:19:HAL_RTC_DeactivateAlarm	24	static
../Drivers/STM32L4xx_HAL_Driver/Src/stm32l4xx_hal_rtc.c:2233:19:HAL_RTC_GetAlarm	32	static
../Drivers/STM32L4xx_HAL_Driver/Src/stm32l4xx_hal_rtc.c:2295:6:HAL_RTC_DST_Add1Hour	16	static
../Drivers/STM32L4xx_HAL_Driver/Src/stm32l4xx_hal_rtc.c:2308:6:HAL_RTC_DST_Sub1Hour	16	static
../Drivers/STM32L4xx_HAL_Driver/Src/stm32l4xx_hal_rtc.c:2321:6:HAL_RTC_DST_SetStoreOperation	16	static
../Drivers/STM32L4xx_HAL_Driver/Src/stm32l4xx_hal_rtc.c:2333:6:HAL_RTC_DST_ClearStoreOperation	16	static
../Drivers/STM32L4xx_HAL_Driver/Src/stm32l4xx_hal_rtc.c:2345:10:HAL_RTC_DST_ReadStoreOperation	16	static
../Drivers/STM32L4xx_HAL_Driver/Src/stm32l4xx_hal_rtc.c:2355:6:HAL_RTC_AlarmIRQHandler	16	static
../Drivers/STM32L4xx_HAL_Driver/Src/stm32l4xx_hal_rtc.c:2436:13:HAL_RTC_AlarmAEventCallback	16	static
../Drivers/STM32L4xx_HAL_Driver/Src/stm32l4xx_hal_rtc.c:2452:19:HAL_RTC_PollForAlarmAEvent	24	static
../Drivers/STM32L4xx_HAL_Driver/Src/stm32l4xx_hal_rtc.c:2511:19:HAL_RTC_WaitForSynchro	24	static
../Drivers/STM32L4xx_HAL_Driver/Src/stm32l4xx_hal_rtc.c:2567:21:HAL_RTC_GetState	16	static
../Drivers/STM32L4xx_HAL_Driver/Src/stm32l4xx_hal_rtc.c:2591:19:RTC_EnterInitMode	24	static
../Drivers/STM32L4xx_HAL_Driver/Src/stm32l4xx_hal_rtc.c:2641:19:RTC_ExitInitMode	24	static
../Drivers/STM32L4xx_HAL_Driver/Src/stm32l4xx_hal_rtc.c:2685:9:RTC_ByteToBcd2	24	static
../Drivers/STM32L4xx_HAL_Driver/Src/stm32l4xx_hal_rtc.c:2704:9:RTC_Bcd2ToByte	24	static
