../Middlewares/ST/STM32_WPAN/interface/patterns/ble_thread/tl/hci_tl.c:68:6:hci_init	16	static
../Middlewares/ST/STM32_WPAN/interface/patterns/ble_thread/tl/hci_tl.c:80:6:hci_user_evt_proc	24	static
../Middlewares/ST/STM32_WPAN/interface/patterns/ble_thread/tl/hci_tl.c:138:6:hci_resume_flow	8	static
../Middlewares/ST/STM32_WPAN/interface/patterns/ble_thread/tl/hci_tl.c:151:5:hci_send_req	40	static
../Middlewares/ST/STM32_WPAN/interface/patterns/ble_thread/tl/hci_tl.c:217:13:TlInit	32	static
../Middlewares/ST/STM32_WPAN/interface/patterns/ble_thread/tl/hci_tl.c:244:13:SendCmd	16	static
../Middlewares/ST/STM32_WPAN/interface/patterns/ble_thread/tl/hci_tl.c:255:13:NotifyCmdStatus	16	static
../Middlewares/ST/STM32_WPAN/interface/patterns/ble_thread/tl/hci_tl.c:275:13:TlEvtReceived	16	static
../Middlewares/ST/STM32_WPAN/interface/patterns/ble_thread/tl/hci_tl.c:292:13:hci_cmd_resp_wait	16	static
../Middlewares/ST/STM32_WPAN/interface/patterns/ble_thread/tl/hci_tl.c:301:13:hci_cmd_resp_release	16	static
