../Drivers/STM32WBxx_HAL_Driver/Inc/stm32wbxx_ll_adc.h:5451:22:LL_ADC_SetChannelSamplingTime	12	static
../Drivers/STM32WBxx_HAL_Driver/Inc/stm32wbxx_ll_adc.h:7018:26:LL_ADC_INJ_IsConversionOngoing	0	static
../Drivers/STM32WBxx_HAL_Driver/Src/stm32wbxx_hal_adc_ex.c:126:19:HAL_ADCEx_Calibration_Start	24	static
../Drivers/STM32WBxx_HAL_Driver/Src/stm32wbxx_hal_adc_ex.c:296:10:HAL_ADCEx_Calibration_GetValue	0	static
../Drivers/STM32WBxx_HAL_Driver/Src/stm32wbxx_hal_adc_ex.c:326:19:HAL_ADCEx_Calibration_SetValue	24	static
../Drivers/STM32WBxx_HAL_Driver/Src/stm32wbxx_hal_adc_ex.c:400:19:HAL_ADCEx_InjectedStart	8	static
../Drivers/STM32WBxx_HAL_Driver/Src/stm32wbxx_hal_adc_ex.c:501:19:HAL_ADCEx_InjectedStop	8	static
../Drivers/STM32WBxx_HAL_Driver/Src/stm32wbxx_hal_adc_ex.c:556:19:HAL_ADCEx_InjectedPollForConversion	24	static
../Drivers/STM32WBxx_HAL_Driver/Src/stm32wbxx_hal_adc_ex.c:669:19:HAL_ADCEx_InjectedStart_IT	8	static
../Drivers/STM32WBxx_HAL_Driver/Src/stm32wbxx_hal_adc_ex.c:793:19:HAL_ADCEx_InjectedStop_IT	8	static
../Drivers/STM32WBxx_HAL_Driver/Src/stm32wbxx_hal_adc_ex.c:876:10:HAL_ADCEx_InjectedGetValue	0	static
../Drivers/STM32WBxx_HAL_Driver/Src/stm32wbxx_hal_adc_ex.c:911:13:HAL_ADCEx_InjectedConvCpltCallback	0	static
../Drivers/STM32WBxx_HAL_Driver/Src/stm32wbxx_hal_adc_ex.c:930:13:HAL_ADCEx_InjectedQueueOverflowCallback	0	static
../Drivers/STM32WBxx_HAL_Driver/Src/stm32wbxx_hal_adc_ex.c:946:13:HAL_ADCEx_LevelOutOfWindow2Callback	0	static
../Drivers/STM32WBxx_HAL_Driver/Src/stm32wbxx_hal_adc_ex.c:961:13:HAL_ADCEx_LevelOutOfWindow3Callback	0	static
../Drivers/STM32WBxx_HAL_Driver/Src/stm32wbxx_hal_adc_ex.c:977:13:HAL_ADCEx_EndOfSamplingCallback	0	static
../Drivers/STM32WBxx_HAL_Driver/Src/stm32wbxx_hal_adc_ex.c:997:19:HAL_ADCEx_RegularStop	8	static
../Drivers/STM32WBxx_HAL_Driver/Src/stm32wbxx_hal_adc_ex.c:1055:19:HAL_ADCEx_RegularStop_IT	8	static
../Drivers/STM32WBxx_HAL_Driver/Src/stm32wbxx_hal_adc_ex.c:1112:19:HAL_ADCEx_RegularStop_DMA	16	static
../Drivers/STM32WBxx_HAL_Driver/Src/stm32wbxx_hal_adc_ex.c:1244:19:HAL_ADCEx_InjectedConfigChannel	32	static,ignoring_inline_asm
../Drivers/STM32WBxx_HAL_Driver/Src/stm32wbxx_hal_adc_ex.c:1670:19:HAL_ADCEx_EnableInjectedQueue	8	static
../Drivers/STM32WBxx_HAL_Driver/Src/stm32wbxx_hal_adc_ex.c:1711:19:HAL_ADCEx_DisableInjectedQueue	8	static
../Drivers/STM32WBxx_HAL_Driver/Src/stm32wbxx_hal_adc_ex.c:1749:19:HAL_ADCEx_DisableVoltageRegulator	0	static
../Drivers/STM32WBxx_HAL_Driver/Src/stm32wbxx_hal_adc_ex.c:1789:19:HAL_ADCEx_EnterADCDeepPowerDownMode	0	static
