../Drivers/STM32WBxx_HAL_Driver/Src/stm32wbxx_hal_rtc_ex.c:176:19:HAL_RTCEx_SetTimeStamp	0	static
../Drivers/STM32WBxx_HAL_Driver/Src/stm32wbxx_hal_rtc_ex.c:246:19:HAL_RTCEx_SetTimeStamp_IT	0	static
../Drivers/STM32WBxx_HAL_Driver/Src/stm32wbxx_hal_rtc_ex.c:310:19:HAL_RTCEx_DeactivateTimeStamp	0	static
../Drivers/STM32WBxx_HAL_Driver/Src/stm32wbxx_hal_rtc_ex.c:349:19:HAL_RTCEx_SetInternalTimeStamp	0	static
../Drivers/STM32WBxx_HAL_Driver/Src/stm32wbxx_hal_rtc_ex.c:383:19:HAL_RTCEx_DeactivateInternalTimeStamp	0	static
../Drivers/STM32WBxx_HAL_Driver/Src/stm32wbxx_hal_rtc_ex.c:419:19:HAL_RTCEx_GetTimeStamp	24	static
../Drivers/STM32WBxx_HAL_Driver/Src/stm32wbxx_hal_rtc_ex.c:476:19:HAL_RTCEx_SetTamper	20	static
../Drivers/STM32WBxx_HAL_Driver/Src/stm32wbxx_hal_rtc_ex.c:651:19:HAL_RTCEx_SetTamper_IT	20	static
../Drivers/STM32WBxx_HAL_Driver/Src/stm32wbxx_hal_rtc_ex.c:818:19:HAL_RTCEx_DeactivateTamper	0	static
../Drivers/STM32WBxx_HAL_Driver/Src/stm32wbxx_hal_rtc_ex.c:956:13:HAL_RTCEx_TimeStampEventCallback	0	static
../Drivers/STM32WBxx_HAL_Driver/Src/stm32wbxx_hal_rtc_ex.c:973:13:HAL_RTCEx_Tamper1EventCallback	0	static
../Drivers/STM32WBxx_HAL_Driver/Src/stm32wbxx_hal_rtc_ex.c:990:13:HAL_RTCEx_Tamper2EventCallback	0	static
../Drivers/STM32WBxx_HAL_Driver/Src/stm32wbxx_hal_rtc_ex.c:1007:13:HAL_RTCEx_Tamper3EventCallback	0	static
../Drivers/STM32WBxx_HAL_Driver/Src/stm32wbxx_hal_rtc_ex.c:864:6:HAL_RTCEx_TamperTimeStampIRQHandler	8	static
../Drivers/STM32WBxx_HAL_Driver/Src/stm32wbxx_hal_rtc_ex.c:1025:19:HAL_RTCEx_PollForTimeStampEvent	16	static
../Drivers/STM32WBxx_HAL_Driver/Src/stm32wbxx_hal_rtc_ex.c:1069:19:HAL_RTCEx_PollForTamper1Event	16	static
../Drivers/STM32WBxx_HAL_Driver/Src/stm32wbxx_hal_rtc_ex.c:1106:19:HAL_RTCEx_PollForTamper2Event	16	static
../Drivers/STM32WBxx_HAL_Driver/Src/stm32wbxx_hal_rtc_ex.c:1143:19:HAL_RTCEx_PollForTamper3Event	16	static
../Drivers/STM32WBxx_HAL_Driver/Src/stm32wbxx_hal_rtc_ex.c:1196:19:HAL_RTCEx_SetWakeUpTimer	24	static
../Drivers/STM32WBxx_HAL_Driver/Src/stm32wbxx_hal_rtc_ex.c:1292:19:HAL_RTCEx_SetWakeUpTimer_IT	24	static
../Drivers/STM32WBxx_HAL_Driver/Src/stm32wbxx_hal_rtc_ex.c:1393:19:HAL_RTCEx_DeactivateWakeUpTimer	16	static
../Drivers/STM32WBxx_HAL_Driver/Src/stm32wbxx_hal_rtc_ex.c:1448:10:HAL_RTCEx_GetWakeUpTimer	0	static
../Drivers/STM32WBxx_HAL_Driver/Src/stm32wbxx_hal_rtc_ex.c:1494:13:HAL_RTCEx_WakeUpTimerEventCallback	0	static
../Drivers/STM32WBxx_HAL_Driver/Src/stm32wbxx_hal_rtc_ex.c:1465:6:HAL_RTCEx_WakeUpTimerIRQHandler	8	static
../Drivers/STM32WBxx_HAL_Driver/Src/stm32wbxx_hal_rtc_ex.c:1511:19:HAL_RTCEx_PollForWakeUpTimerEvent	16	static
../Drivers/STM32WBxx_HAL_Driver/Src/stm32wbxx_hal_rtc_ex.c:1577:6:HAL_RTCEx_BKUPWrite	0	static
../Drivers/STM32WBxx_HAL_Driver/Src/stm32wbxx_hal_rtc_ex.c:1600:10:HAL_RTCEx_BKUPRead	0	static
../Drivers/STM32WBxx_HAL_Driver/Src/stm32wbxx_hal_rtc_ex.c:1634:19:HAL_RTCEx_SetSmoothCalib	24	static
../Drivers/STM32WBxx_HAL_Driver/Src/stm32wbxx_hal_rtc_ex.c:1706:19:HAL_RTCEx_SetSynchroShift	24	static
../Drivers/STM32WBxx_HAL_Driver/Src/stm32wbxx_hal_rtc_ex.c:1801:19:HAL_RTCEx_SetCalibrationOutPut	0	static
../Drivers/STM32WBxx_HAL_Driver/Src/stm32wbxx_hal_rtc_ex.c:1840:19:HAL_RTCEx_DeactivateCalibrationOutPut	0	static
../Drivers/STM32WBxx_HAL_Driver/Src/stm32wbxx_hal_rtc_ex.c:1870:19:HAL_RTCEx_SetRefClock	16	static
../Drivers/STM32WBxx_HAL_Driver/Src/stm32wbxx_hal_rtc_ex.c:1914:19:HAL_RTCEx_DeactivateRefClock	16	static
../Drivers/STM32WBxx_HAL_Driver/Src/stm32wbxx_hal_rtc_ex.c:1960:19:HAL_RTCEx_EnableBypassShadow	0	static
../Drivers/STM32WBxx_HAL_Driver/Src/stm32wbxx_hal_rtc_ex.c:1993:19:HAL_RTCEx_DisableBypassShadow	0	static
../Drivers/STM32WBxx_HAL_Driver/Src/stm32wbxx_hal_rtc_ex.c:2043:13:HAL_RTCEx_AlarmBEventCallback	0	static
../Drivers/STM32WBxx_HAL_Driver/Src/stm32wbxx_hal_rtc_ex.c:2060:19:HAL_RTCEx_PollForAlarmBEvent	16	static
