../Middlewares/ST/STM32_WPAN/interface/patterns/ble_thread/tl/tl_mbox.c:82:6:TL_Enable	8	static
../Middlewares/ST/STM32_WPAN/interface/patterns/ble_thread/tl/tl_mbox.c:90:6:TL_Init	8	static
../Middlewares/ST/STM32_WPAN/interface/patterns/ble_thread/tl/tl_mbox.c:110:9:TL_BLE_Init	24	static
../Middlewares/ST/STM32_WPAN/interface/patterns/ble_thread/tl/tl_mbox.c:133:9:TL_BLE_SendCmd	16	static
../Middlewares/ST/STM32_WPAN/interface/patterns/ble_thread/tl/tl_mbox.c:147:6:HW_IPCC_BLE_RxEvtNot	16	static
../Middlewares/ST/STM32_WPAN/interface/patterns/ble_thread/tl/tl_mbox.c:170:9:TL_BLE_SendAclData	16	static
../Middlewares/ST/STM32_WPAN/interface/patterns/ble_thread/tl/tl_mbox.c:182:6:HW_IPCC_BLE_AclDataAckNot	8	static
../Middlewares/ST/STM32_WPAN/interface/patterns/ble_thread/tl/tl_mbox.c:192:9:TL_SYS_Init	24	static
../Middlewares/ST/STM32_WPAN/interface/patterns/ble_thread/tl/tl_mbox.c:211:9:TL_SYS_SendCmd	16	static
../Middlewares/ST/STM32_WPAN/interface/patterns/ble_thread/tl/tl_mbox.c:225:6:HW_IPCC_SYS_CmdEvtNot	8	static
../Middlewares/ST/STM32_WPAN/interface/patterns/ble_thread/tl/tl_mbox.c:234:6:HW_IPCC_SYS_EvtNot	16	static
../Middlewares/ST/STM32_WPAN/interface/patterns/ble_thread/tl/tl_mbox.c:591:6:TL_MM_Init	16	static
../Middlewares/ST/STM32_WPAN/interface/patterns/ble_thread/tl/tl_mbox.c:611:6:TL_MM_EvtDone	16	static
../Middlewares/ST/STM32_WPAN/interface/patterns/ble_thread/tl/tl_mbox.c:622:13:SendFreeBuf	16	static
../Middlewares/ST/STM32_WPAN/interface/patterns/ble_thread/tl/tl_mbox.c:638:6:TL_TRACES_Init	8	static
../Middlewares/ST/STM32_WPAN/interface/patterns/ble_thread/tl/tl_mbox.c:649:6:HW_IPCC_TRACES_EvtNot	16	static
../Middlewares/ST/STM32_WPAN/interface/patterns/ble_thread/tl/tl_mbox.c:662:13:TL_TRACES_EvtReceived	16	static
../Middlewares/ST/STM32_WPAN/interface/patterns/ble_thread/tl/tl_mbox.c:670:13:OutputDbgTrace	24	static
