../Drivers/STM32WBxx_HAL_Driver/Src/stm32wbxx_hal_rcc_ex.c:2105:17:RCC_PLL_GetFreqDomain_P	4	static
../Drivers/STM32WBxx_HAL_Driver/Src/stm32wbxx_hal_rcc_ex.c:2148:17:RCC_PLL_GetFreqDomain_Q	4	static
../Drivers/STM32WBxx_HAL_Driver/Src/stm32wbxx_hal_rcc_ex.c:2277:17:RCC_PLLSAI1_GetFreqDomain_Q	4	static
../Drivers/STM32WBxx_HAL_Driver/Src/stm32wbxx_hal_rcc_ex.c:147:19:HAL_RCCEx_PeriphCLKConfig	24	static
../Drivers/STM32WBxx_HAL_Driver/Src/stm32wbxx_hal_rcc_ex.c:439:6:HAL_RCCEx_GetPeriphCLKConfig	0	static
../Drivers/STM32WBxx_HAL_Driver/Src/stm32wbxx_hal_rcc_ex.c:550:10:HAL_RCCEx_GetPeriphCLKFreq	8	static
../Drivers/STM32WBxx_HAL_Driver/Src/stm32wbxx_hal_rcc_ex.c:1138:10:HAL_RCCEx_GetRngCLKSource	0	static
../Drivers/STM32WBxx_HAL_Driver/Src/stm32wbxx_hal_rcc_ex.c:1179:19:HAL_RCCEx_EnablePLLSAI1	16	static
../Drivers/STM32WBxx_HAL_Driver/Src/stm32wbxx_hal_rcc_ex.c:1239:19:HAL_RCCEx_DisablePLLSAI1	16	static
../Drivers/STM32WBxx_HAL_Driver/Src/stm32wbxx_hal_rcc_ex.c:1279:6:HAL_RCCEx_WakeUpStopCLKConfig	0	static
../Drivers/STM32WBxx_HAL_Driver/Src/stm32wbxx_hal_rcc_ex.c:1293:6:HAL_RCCEx_EnableLSECSS	0	static
../Drivers/STM32WBxx_HAL_Driver/Src/stm32wbxx_hal_rcc_ex.c:1303:6:HAL_RCCEx_DisableLSECSS	0	static
../Drivers/STM32WBxx_HAL_Driver/Src/stm32wbxx_hal_rcc_ex.c:1316:6:HAL_RCCEx_EnableLSECSS_IT	0	static
../Drivers/STM32WBxx_HAL_Driver/Src/stm32wbxx_hal_rcc_ex.c:1350:13:HAL_RCCEx_LSECSS_Callback	0	static
../Drivers/STM32WBxx_HAL_Driver/Src/stm32wbxx_hal_rcc_ex.c:1333:6:HAL_RCCEx_LSECSS_IRQHandler	8	static
../Drivers/STM32WBxx_HAL_Driver/Src/stm32wbxx_hal_rcc_ex.c:1371:6:HAL_RCCEx_LSCOConfig	56	static
../Drivers/STM32WBxx_HAL_Driver/Src/stm32wbxx_hal_rcc_ex.c:1449:6:HAL_RCCEx_EnableLSCO	0	static
../Drivers/STM32WBxx_HAL_Driver/Src/stm32wbxx_hal_rcc_ex.c:1462:6:HAL_RCCEx_DisableLSCO	0	static
../Drivers/STM32WBxx_HAL_Driver/Src/stm32wbxx_hal_rcc_ex.c:1473:6:HAL_RCCEx_EnableMSIPLLMode	0	static
../Drivers/STM32WBxx_HAL_Driver/Src/stm32wbxx_hal_rcc_ex.c:1483:6:HAL_RCCEx_DisableMSIPLLMode	0	static
../Drivers/STM32WBxx_HAL_Driver/Src/stm32wbxx_hal_rcc_ex.c:1499:19:HAL_RCCEx_TrimOsc	0	static
../Drivers/STM32WBxx_HAL_Driver/Src/stm32wbxx_hal_rcc_ex.c:1600:6:HAL_RCCEx_CRSConfig	4	static
../Drivers/STM32WBxx_HAL_Driver/Src/stm32wbxx_hal_rcc_ex.c:1642:6:HAL_RCCEx_CRSSoftwareSynchronizationGenerate	0	static
../Drivers/STM32WBxx_HAL_Driver/Src/stm32wbxx_hal_rcc_ex.c:1652:6:HAL_RCCEx_CRSGetSynchronizationInfo	0	static
../Drivers/STM32WBxx_HAL_Driver/Src/stm32wbxx_hal_rcc_ex.c:1685:10:HAL_RCCEx_CRSWaitSynchronization	24	static
../Drivers/STM32WBxx_HAL_Driver/Src/stm32wbxx_hal_rcc_ex.c:1833:13:HAL_RCCEx_CRS_SyncOkCallback	0	static
../Drivers/STM32WBxx_HAL_Driver/Src/stm32wbxx_hal_rcc_ex.c:1844:13:HAL_RCCEx_CRS_SyncWarnCallback	0	static
../Drivers/STM32WBxx_HAL_Driver/Src/stm32wbxx_hal_rcc_ex.c:1855:13:HAL_RCCEx_CRS_ExpectedSyncCallback	0	static
../Drivers/STM32WBxx_HAL_Driver/Src/stm32wbxx_hal_rcc_ex.c:1871:13:HAL_RCCEx_CRS_ErrorCallback	0	static
../Drivers/STM32WBxx_HAL_Driver/Src/stm32wbxx_hal_rcc_ex.c:1768:6:HAL_RCCEx_CRS_IRQHandler	8	static
