../Drivers/STM32WBxx_HAL_Driver/Inc/stm32wbxx_ll_adc.h:5451:22:LL_ADC_SetChannelSamplingTime	12	static
../Drivers/STM32WBxx_HAL_Driver/Inc/stm32wbxx_ll_adc.h:5877:22:LL_ADC_SetAnalogWDMonitChannels	12	static
../Drivers/STM32WBxx_HAL_Driver/Inc/stm32wbxx_ll_adc.h:6706:26:LL_ADC_IsEnabled	0	static
../Drivers/STM32WBxx_HAL_Driver/Inc/stm32wbxx_ll_adc.h:6863:26:LL_ADC_REG_IsConversionOngoing	0	static
../Drivers/STM32WBxx_HAL_Driver/Src/stm32wbxx_hal_adc.c:1186:13:HAL_ADC_MspInit	0	static
../Drivers/STM32WBxx_HAL_Driver/Src/stm32wbxx_hal_adc.c:398:19:HAL_ADC_Init	24	static
../Drivers/STM32WBxx_HAL_Driver/Src/stm32wbxx_hal_adc.c:1203:13:HAL_ADC_MspDeInit	0	static
../Drivers/STM32WBxx_HAL_Driver/Src/stm32wbxx_hal_adc.c:1642:19:HAL_ADC_PollForConversion	24	static
../Drivers/STM32WBxx_HAL_Driver/Src/stm32wbxx_hal_adc.c:1775:19:HAL_ADC_PollForEvent	24	static
../Drivers/STM32WBxx_HAL_Driver/Src/stm32wbxx_hal_adc.c:2303:10:HAL_ADC_GetValue	0	static
../Drivers/STM32WBxx_HAL_Driver/Src/stm32wbxx_hal_adc.c:2645:13:HAL_ADC_ConvCpltCallback	0	static
../Drivers/STM32WBxx_HAL_Driver/Src/stm32wbxx_hal_adc.c:2660:13:HAL_ADC_ConvHalfCpltCallback	0	static
../Drivers/STM32WBxx_HAL_Driver/Src/stm32wbxx_hal_adc.c:3923:6:ADC_DMAHalfConvCplt	8	static
../Drivers/STM32WBxx_HAL_Driver/Src/stm32wbxx_hal_adc.c:2675:13:HAL_ADC_LevelOutOfWindowCallback	0	static
../Drivers/STM32WBxx_HAL_Driver/Src/stm32wbxx_hal_adc.c:2697:13:HAL_ADC_ErrorCallback	0	static
../Drivers/STM32WBxx_HAL_Driver/Src/stm32wbxx_hal_adc.c:2320:6:HAL_ADC_IRQHandler	16	static
../Drivers/STM32WBxx_HAL_Driver/Src/stm32wbxx_hal_adc.c:3809:6:ADC_DMAConvCplt	8	static
../Drivers/STM32WBxx_HAL_Driver/Src/stm32wbxx_hal_adc.c:3941:6:ADC_DMAError	8	static
../Drivers/STM32WBxx_HAL_Driver/Src/stm32wbxx_hal_adc.c:2743:19:HAL_ADC_ConfigChannel	32	static,ignoring_inline_asm
../Drivers/STM32WBxx_HAL_Driver/Src/stm32wbxx_hal_adc.c:3141:19:HAL_ADC_AnalogWDGConfig	24	static,ignoring_inline_asm
../Drivers/STM32WBxx_HAL_Driver/Src/stm32wbxx_hal_adc.c:3429:10:HAL_ADC_GetState	0	static
../Drivers/STM32WBxx_HAL_Driver/Src/stm32wbxx_hal_adc.c:3443:10:HAL_ADC_GetError	0	static
../Drivers/STM32WBxx_HAL_Driver/Src/stm32wbxx_hal_adc.c:3475:19:ADC_ConversionStop	16	static
../Drivers/STM32WBxx_HAL_Driver/Src/stm32wbxx_hal_adc.c:3650:19:ADC_Enable	24	static
../Drivers/STM32WBxx_HAL_Driver/Src/stm32wbxx_hal_adc.c:1493:19:HAL_ADC_Start	16	static
../Drivers/STM32WBxx_HAL_Driver/Src/stm32wbxx_hal_adc.c:1923:19:HAL_ADC_Start_IT	16	static
../Drivers/STM32WBxx_HAL_Driver/Src/stm32wbxx_hal_adc.c:2091:19:HAL_ADC_Start_DMA	24	static
../Drivers/STM32WBxx_HAL_Driver/Src/stm32wbxx_hal_adc.c:3743:19:ADC_Disable	16	static
../Drivers/STM32WBxx_HAL_Driver/Src/stm32wbxx_hal_adc.c:920:19:HAL_ADC_DeInit	16	static
../Drivers/STM32WBxx_HAL_Driver/Src/stm32wbxx_hal_adc.c:1577:19:HAL_ADC_Stop	8	static
../Drivers/STM32WBxx_HAL_Driver/Src/stm32wbxx_hal_adc.c:2030:19:HAL_ADC_Stop_IT	8	static
../Drivers/STM32WBxx_HAL_Driver/Src/stm32wbxx_hal_adc.c:2204:19:HAL_ADC_Stop_DMA	16	static
