../Drivers/STM32WBxx_HAL_Driver/Src/stm32wbxx_hal_i2c.c:6771:13:I2C_Flush_TXDR	0	static
../Drivers/STM32WBxx_HAL_Driver/Src/stm32wbxx_hal_i2c.c:7340:13:I2C_TransferConfig	12	static
../Drivers/STM32WBxx_HAL_Driver/Src/stm32wbxx_hal_i2c.c:7369:13:I2C_Enable_IRQ	16	static
../Drivers/STM32WBxx_HAL_Driver/Src/stm32wbxx_hal_i2c.c:7464:13:I2C_Disable_IRQ	0	static
../Drivers/STM32WBxx_HAL_Driver/Src/stm32wbxx_hal_i2c.c:7199:26:I2C_IsErrorOccurred	24	static
../Drivers/STM32WBxx_HAL_Driver/Src/stm32wbxx_hal_i2c.c:7043:26:I2C_WaitOnTXISFlagUntilTimeout	16	static
../Drivers/STM32WBxx_HAL_Driver/Src/stm32wbxx_hal_i2c.c:7003:26:I2C_WaitOnFlagUntilTimeout	24	static
../Drivers/STM32WBxx_HAL_Driver/Src/stm32wbxx_hal_i2c.c:7084:26:I2C_WaitOnSTOPFlagUntilTimeout	16	static
../Drivers/STM32WBxx_HAL_Driver/Src/stm32wbxx_hal_i2c.c:7122:26:I2C_WaitOnRXNEFlagUntilTimeout	32	static
../Drivers/STM32WBxx_HAL_Driver/Src/stm32wbxx_hal_i2c.c:7527:13:I2C_ConvertOtherXferOptions	0	static
../Drivers/STM32WBxx_HAL_Driver/Src/stm32wbxx_hal_i2c.c:702:13:HAL_I2C_MspInit	0	static
../Drivers/STM32WBxx_HAL_Driver/Src/stm32wbxx_hal_i2c.c:541:19:HAL_I2C_Init	8	static
../Drivers/STM32WBxx_HAL_Driver/Src/stm32wbxx_hal_i2c.c:718:13:HAL_I2C_MspDeInit	0	static
../Drivers/STM32WBxx_HAL_Driver/Src/stm32wbxx_hal_i2c.c:656:19:HAL_I2C_DeInit	8	static
../Drivers/STM32WBxx_HAL_Driver/Src/stm32wbxx_hal_i2c.c:1125:19:HAL_I2C_Master_Transmit	40	static
../Drivers/STM32WBxx_HAL_Driver/Src/stm32wbxx_hal_i2c.c:1266:19:HAL_I2C_Master_Receive	40	static
../Drivers/STM32WBxx_HAL_Driver/Src/stm32wbxx_hal_i2c.c:1384:19:HAL_I2C_Slave_Transmit	40	static
../Drivers/STM32WBxx_HAL_Driver/Src/stm32wbxx_hal_i2c.c:1571:19:HAL_I2C_Slave_Receive	40	static
../Drivers/STM32WBxx_HAL_Driver/Src/stm32wbxx_hal_i2c.c:1701:19:HAL_I2C_Master_Transmit_IT	32	static
../Drivers/STM32WBxx_HAL_Driver/Src/stm32wbxx_hal_i2c.c:1791:19:HAL_I2C_Master_Receive_IT	24	static
../Drivers/STM32WBxx_HAL_Driver/Src/stm32wbxx_hal_i2c.c:1860:19:HAL_I2C_Slave_Transmit_IT	8	static
../Drivers/STM32WBxx_HAL_Driver/Src/stm32wbxx_hal_i2c.c:1924:19:HAL_I2C_Slave_Receive_IT	16	static
../Drivers/STM32WBxx_HAL_Driver/Src/stm32wbxx_hal_i2c.c:1977:19:HAL_I2C_Master_Transmit_DMA	32	static
../Drivers/STM32WBxx_HAL_Driver/Src/stm32wbxx_hal_i2c.c:2140:19:HAL_I2C_Master_Receive_DMA	32	static
../Drivers/STM32WBxx_HAL_Driver/Src/stm32wbxx_hal_i2c.c:2285:19:HAL_I2C_Slave_Transmit_DMA	16	static
../Drivers/STM32WBxx_HAL_Driver/Src/stm32wbxx_hal_i2c.c:2421:19:HAL_I2C_Slave_Receive_DMA	16	static
../Drivers/STM32WBxx_HAL_Driver/Src/stm32wbxx_hal_i2c.c:2531:19:HAL_I2C_Mem_Write	48	static
../Drivers/STM32WBxx_HAL_Driver/Src/stm32wbxx_hal_i2c.c:2668:19:HAL_I2C_Mem_Read	48	static
../Drivers/STM32WBxx_HAL_Driver/Src/stm32wbxx_hal_i2c.c:2805:19:HAL_I2C_Mem_Write_IT	32	static
../Drivers/STM32WBxx_HAL_Driver/Src/stm32wbxx_hal_i2c.c:2893:19:HAL_I2C_Mem_Read_IT	32	static
../Drivers/STM32WBxx_HAL_Driver/Src/stm32wbxx_hal_i2c.c:2981:19:HAL_I2C_Mem_Write_DMA	32	static
../Drivers/STM32WBxx_HAL_Driver/Src/stm32wbxx_hal_i2c.c:3127:19:HAL_I2C_Mem_Read_DMA	32	static
../Drivers/STM32WBxx_HAL_Driver/Src/stm32wbxx_hal_i2c.c:3273:19:HAL_I2C_IsDeviceReady	48	static
../Drivers/STM32WBxx_HAL_Driver/Src/stm32wbxx_hal_i2c.c:3428:19:HAL_I2C_Master_Seq_Transmit_IT	32	static
../Drivers/STM32WBxx_HAL_Driver/Src/stm32wbxx_hal_i2c.c:3543:19:HAL_I2C_Master_Seq_Transmit_DMA	40	static
../Drivers/STM32WBxx_HAL_Driver/Src/stm32wbxx_hal_i2c.c:3741:19:HAL_I2C_Master_Seq_Receive_IT	24	static
../Drivers/STM32WBxx_HAL_Driver/Src/stm32wbxx_hal_i2c.c:3829:19:HAL_I2C_Master_Seq_Receive_DMA	40	static
../Drivers/STM32WBxx_HAL_Driver/Src/stm32wbxx_hal_i2c.c:3996:19:HAL_I2C_Slave_Seq_Transmit_IT	24	static
../Drivers/STM32WBxx_HAL_Driver/Src/stm32wbxx_hal_i2c.c:4099:19:HAL_I2C_Slave_Seq_Transmit_DMA	24	static
../Drivers/STM32WBxx_HAL_Driver/Src/stm32wbxx_hal_i2c.c:4284:19:HAL_I2C_Slave_Seq_Receive_IT	24	static
../Drivers/STM32WBxx_HAL_Driver/Src/stm32wbxx_hal_i2c.c:4387:19:HAL_I2C_Slave_Seq_Receive_DMA	24	static
../Drivers/STM32WBxx_HAL_Driver/Src/stm32wbxx_hal_i2c.c:4568:19:HAL_I2C_EnableListen_IT	8	static
../Drivers/STM32WBxx_HAL_Driver/Src/stm32wbxx_hal_i2c.c:4592:19:HAL_I2C_DisableListen_IT	8	static
../Drivers/STM32WBxx_HAL_Driver/Src/stm32wbxx_hal_i2c.c:4625:19:HAL_I2C_Master_Abort_IT	24	static
../Drivers/STM32WBxx_HAL_Driver/Src/stm32wbxx_hal_i2c.c:4689:6:HAL_I2C_EV_IRQHandler	0	static
../Drivers/STM32WBxx_HAL_Driver/Src/stm32wbxx_hal_i2c.c:4760:13:HAL_I2C_MasterTxCpltCallback	0	static
../Drivers/STM32WBxx_HAL_Driver/Src/stm32wbxx_hal_i2c.c:4776:13:HAL_I2C_MasterRxCpltCallback	0	static
../Drivers/STM32WBxx_HAL_Driver/Src/stm32wbxx_hal_i2c.c:6057:13:I2C_ITMasterSeqCplt	16	static
../Drivers/STM32WBxx_HAL_Driver/Src/stm32wbxx_hal_i2c.c:4791:13:HAL_I2C_SlaveTxCpltCallback	0	static
../Drivers/STM32WBxx_HAL_Driver/Src/stm32wbxx_hal_i2c.c:4807:13:HAL_I2C_SlaveRxCpltCallback	0	static
../Drivers/STM32WBxx_HAL_Driver/Src/stm32wbxx_hal_i2c.c:6110:13:I2C_ITSlaveSeqCplt	8	static
../Drivers/STM32WBxx_HAL_Driver/Src/stm32wbxx_hal_i2c.c:6844:13:I2C_DMASlaveTransmitCplt	0	static
../Drivers/STM32WBxx_HAL_Driver/Src/stm32wbxx_hal_i2c.c:6924:13:I2C_DMASlaveReceiveCplt	0	static
../Drivers/STM32WBxx_HAL_Driver/Src/stm32wbxx_hal_i2c.c:4825:13:HAL_I2C_AddrCallback	0	static
../Drivers/STM32WBxx_HAL_Driver/Src/stm32wbxx_hal_i2c.c:5962:13:I2C_ITAddrCplt.constprop	24	static
../Drivers/STM32WBxx_HAL_Driver/Src/stm32wbxx_hal_i2c.c:4843:13:HAL_I2C_ListenCpltCallback	0	static
../Drivers/STM32WBxx_HAL_Driver/Src/stm32wbxx_hal_i2c.c:6547:13:I2C_ITListenCplt	8	static
../Drivers/STM32WBxx_HAL_Driver/Src/stm32wbxx_hal_i2c.c:4859:13:HAL_I2C_MemTxCpltCallback	0	static
../Drivers/STM32WBxx_HAL_Driver/Src/stm32wbxx_hal_i2c.c:4875:13:HAL_I2C_MemRxCpltCallback	0	static
../Drivers/STM32WBxx_HAL_Driver/Src/stm32wbxx_hal_i2c.c:4891:13:HAL_I2C_ErrorCallback	0	static
../Drivers/STM32WBxx_HAL_Driver/Src/stm32wbxx_hal_i2c.c:4907:13:HAL_I2C_AbortCpltCallback	0	static
../Drivers/STM32WBxx_HAL_Driver/Src/stm32wbxx_hal_i2c.c:6733:13:I2C_TreatErrorCallback	8	static
../Drivers/STM32WBxx_HAL_Driver/Src/stm32wbxx_hal_i2c.c:6598:13:I2C_ITError	16	static
../Drivers/STM32WBxx_HAL_Driver/Src/stm32wbxx_hal_i2c.c:6186:13:I2C_ITMasterCplt	24	static
../Drivers/STM32WBxx_HAL_Driver/Src/stm32wbxx_hal_i2c.c:4990:26:I2C_Master_ISR_IT	24	static
../Drivers/STM32WBxx_HAL_Driver/Src/stm32wbxx_hal_i2c.c:5565:26:I2C_Mem_ISR_DMA	16	static
../Drivers/STM32WBxx_HAL_Driver/Src/stm32wbxx_hal_i2c.c:5425:26:I2C_Master_ISR_DMA	24	static
../Drivers/STM32WBxx_HAL_Driver/Src/stm32wbxx_hal_i2c.c:6953:13:I2C_DMAError	0	static
../Drivers/STM32WBxx_HAL_Driver/Src/stm32wbxx_hal_i2c.c:6793:13:I2C_DMAMasterTransmitCplt	8	static
../Drivers/STM32WBxx_HAL_Driver/Src/stm32wbxx_hal_i2c.c:6873:13:I2C_DMAMasterReceiveCplt	8	static
../Drivers/STM32WBxx_HAL_Driver/Src/stm32wbxx_hal_i2c.c:5141:26:I2C_Mem_ISR_IT	24	static
../Drivers/STM32WBxx_HAL_Driver/Src/stm32wbxx_hal_i2c.c:4708:6:HAL_I2C_ER_IRQHandler	4	static
../Drivers/STM32WBxx_HAL_Driver/Src/stm32wbxx_hal_i2c.c:6329:13:I2C_ITSlaveCplt.constprop	24	static
../Drivers/STM32WBxx_HAL_Driver/Src/stm32wbxx_hal_i2c.c:5713:26:I2C_Slave_ISR_DMA	16	static
../Drivers/STM32WBxx_HAL_Driver/Src/stm32wbxx_hal_i2c.c:5284:26:I2C_Slave_ISR_IT	16	static
../Drivers/STM32WBxx_HAL_Driver/Src/stm32wbxx_hal_i2c.c:6972:13:I2C_DMAAbort	0	static
../Drivers/STM32WBxx_HAL_Driver/Src/stm32wbxx_hal_i2c.c:4942:22:HAL_I2C_GetState	0	static
../Drivers/STM32WBxx_HAL_Driver/Src/stm32wbxx_hal_i2c.c:4954:21:HAL_I2C_GetMode	0	static
../Drivers/STM32WBxx_HAL_Driver/Src/stm32wbxx_hal_i2c.c:4965:10:HAL_I2C_GetError	0	static
