../Drivers/STM32WBxx_HAL_Driver/Src/stm32wbxx_hal_dma_ex.c:95:19:HAL_DMAEx_ConfigMuxSync	16	static
../Drivers/STM32WBxx_HAL_Driver/Src/stm32wbxx_hal_dma_ex.c:142:19:HAL_DMAEx_ConfigMuxRequestGenerator	8	static
../Drivers/STM32WBxx_HAL_Driver/Src/stm32wbxx_hal_dma_ex.c:182:19:HAL_DMAEx_EnableMuxRequestGenerator	0	static
../Drivers/STM32WBxx_HAL_Driver/Src/stm32wbxx_hal_dma_ex.c:209:19:HAL_DMAEx_DisableMuxRequestGenerator	0	static
../Drivers/STM32WBxx_HAL_Driver/Src/stm32wbxx_hal_dma_ex.c:236:6:HAL_DMAEx_MUX_IRQHandler	16	static
