../Drivers/STM32WBxx_HAL_Driver/Src/stm32wbxx_hal_uart.c:3725:13:UART_EndTxTransfer	0	static,ignoring_inline_asm
../Drivers/STM32WBxx_HAL_Driver/Src/stm32wbxx_hal_uart.c:3741:13:UART_EndRxTransfer	8	static,ignoring_inline_asm
../Drivers/STM32WBxx_HAL_Driver/Src/stm32wbxx_hal_uart.c:4175:13:UART_TxISR_8BIT.part.0	0	static,ignoring_inline_asm
../Drivers/STM32WBxx_HAL_Driver/Src/stm32wbxx_hal_uart.c:4175:13:UART_TxISR_8BIT	0	static
../Drivers/STM32WBxx_HAL_Driver/Src/stm32wbxx_hal_uart.c:4204:13:UART_TxISR_16BIT	0	static
../Drivers/STM32WBxx_HAL_Driver/Src/stm32wbxx_hal_uart.c:4236:13:UART_TxISR_8BIT_FIFOEN	8	static,ignoring_inline_asm
../Drivers/STM32WBxx_HAL_Driver/Src/stm32wbxx_hal_uart.c:4276:13:UART_TxISR_16BIT_FIFOEN	8	static,ignoring_inline_asm
../Drivers/STM32WBxx_HAL_Driver/Src/stm32wbxx_hal_uart.c:689:13:HAL_UART_MspInit	0	static
../Drivers/STM32WBxx_HAL_Driver/Src/stm32wbxx_hal_uart.c:704:13:HAL_UART_MspDeInit	0	static
../Drivers/STM32WBxx_HAL_Driver/Src/stm32wbxx_hal_uart.c:638:19:HAL_UART_DeInit	16	static
../Drivers/STM32WBxx_HAL_Driver/Src/stm32wbxx_hal_uart.c:1329:19:HAL_UART_Transmit_IT	8	static,ignoring_inline_asm
../Drivers/STM32WBxx_HAL_Driver/Src/stm32wbxx_hal_uart.c:1463:19:HAL_UART_Transmit_DMA	24	static,ignoring_inline_asm
../Drivers/STM32WBxx_HAL_Driver/Src/stm32wbxx_hal_uart.c:1586:19:HAL_UART_DMAPause	0	static,ignoring_inline_asm
../Drivers/STM32WBxx_HAL_Driver/Src/stm32wbxx_hal_uart.c:1616:19:HAL_UART_DMAResume	0	static,ignoring_inline_asm
../Drivers/STM32WBxx_HAL_Driver/Src/stm32wbxx_hal_uart.c:1647:19:HAL_UART_DMAStop	16	static,ignoring_inline_asm
../Drivers/STM32WBxx_HAL_Driver/Src/stm32wbxx_hal_uart.c:1722:19:HAL_UART_Abort	8	static,ignoring_inline_asm
../Drivers/STM32WBxx_HAL_Driver/Src/stm32wbxx_hal_uart.c:1825:19:HAL_UART_AbortTransmit	8	static,ignoring_inline_asm
../Drivers/STM32WBxx_HAL_Driver/Src/stm32wbxx_hal_uart.c:1884:19:HAL_UART_AbortReceive	8	static,ignoring_inline_asm
../Drivers/STM32WBxx_HAL_Driver/Src/stm32wbxx_hal_uart.c:2641:13:HAL_UART_TxCpltCallback	0	static
../Drivers/STM32WBxx_HAL_Driver/Src/stm32wbxx_hal_uart.c:3767:13:UART_DMATransmitCplt	8	static,ignoring_inline_asm
../Drivers/STM32WBxx_HAL_Driver/Src/stm32wbxx_hal_uart.c:2656:13:HAL_UART_TxHalfCpltCallback	0	static
../Drivers/STM32WBxx_HAL_Driver/Src/stm32wbxx_hal_uart.c:3801:13:UART_DMATxHalfCplt	8	static
../Drivers/STM32WBxx_HAL_Driver/Src/stm32wbxx_hal_uart.c:2671:13:HAL_UART_RxCpltCallback	0	static
../Drivers/STM32WBxx_HAL_Driver/Src/stm32wbxx_hal_uart.c:2686:13:HAL_UART_RxHalfCpltCallback	0	static
../Drivers/STM32WBxx_HAL_Driver/Src/stm32wbxx_hal_uart.c:2701:13:HAL_UART_ErrorCallback	0	static
../Drivers/STM32WBxx_HAL_Driver/Src/stm32wbxx_hal_uart.c:3940:13:UART_DMAError	16	static
../Drivers/STM32WBxx_HAL_Driver/Src/stm32wbxx_hal_uart.c:3980:13:UART_DMAAbortOnError	8	static
../Drivers/STM32WBxx_HAL_Driver/Src/stm32wbxx_hal_uart.c:2716:13:HAL_UART_AbortCpltCallback	0	static
../Drivers/STM32WBxx_HAL_Driver/Src/stm32wbxx_hal_uart.c:1952:19:HAL_UART_Abort_IT	16	static,ignoring_inline_asm
../Drivers/STM32WBxx_HAL_Driver/Src/stm32wbxx_hal_uart.c:4057:13:UART_DMARxAbortCallback	8	static
../Drivers/STM32WBxx_HAL_Driver/Src/stm32wbxx_hal_uart.c:4002:13:UART_DMATxAbortCallback	8	static
../Drivers/STM32WBxx_HAL_Driver/Src/stm32wbxx_hal_uart.c:2731:13:HAL_UART_AbortTransmitCpltCallback	0	static
../Drivers/STM32WBxx_HAL_Driver/Src/stm32wbxx_hal_uart.c:2105:19:HAL_UART_AbortTransmit_IT	8	static,ignoring_inline_asm
../Drivers/STM32WBxx_HAL_Driver/Src/stm32wbxx_hal_uart.c:4109:13:UART_DMATxOnlyAbortCallback	8	static
../Drivers/STM32WBxx_HAL_Driver/Src/stm32wbxx_hal_uart.c:2746:13:HAL_UART_AbortReceiveCpltCallback	0	static
../Drivers/STM32WBxx_HAL_Driver/Src/stm32wbxx_hal_uart.c:2196:19:HAL_UART_AbortReceive_IT	8	static,ignoring_inline_asm
../Drivers/STM32WBxx_HAL_Driver/Src/stm32wbxx_hal_uart.c:4142:13:UART_DMARxOnlyAbortCallback	8	static
../Drivers/STM32WBxx_HAL_Driver/Src/stm32wbxx_hal_uart.c:2763:13:HAL_UARTEx_RxEventCallback	0	static
../Drivers/STM32WBxx_HAL_Driver/Src/stm32wbxx_hal_uart.c:2289:6:HAL_UART_IRQHandler	24	static,ignoring_inline_asm
../Drivers/STM32WBxx_HAL_Driver/Src/stm32wbxx_hal_uart.c:4342:13:UART_RxISR_8BIT	8	static,ignoring_inline_asm
../Drivers/STM32WBxx_HAL_Driver/Src/stm32wbxx_hal_uart.c:4442:13:UART_RxISR_16BIT	8	static,ignoring_inline_asm
../Drivers/STM32WBxx_HAL_Driver/Src/stm32wbxx_hal_uart.c:4544:13:UART_RxISR_8BIT_FIFOEN	32	static,ignoring_inline_asm
../Drivers/STM32WBxx_HAL_Driver/Src/stm32wbxx_hal_uart.c:4716:13:UART_RxISR_16BIT_FIFOEN	32	static,ignoring_inline_asm
../Drivers/STM32WBxx_HAL_Driver/Src/stm32wbxx_hal_uart.c:3892:13:UART_DMARxHalfCplt	8	static
../Drivers/STM32WBxx_HAL_Driver/Src/stm32wbxx_hal_uart.c:3819:13:UART_DMAReceiveCplt	8	static,ignoring_inline_asm
../Drivers/STM32WBxx_HAL_Driver/Src/stm32wbxx_hal_uart.c:2811:6:HAL_UART_ReceiverTimeout_Config	0	static
../Drivers/STM32WBxx_HAL_Driver/Src/stm32wbxx_hal_uart.c:2831:19:HAL_UART_EnableReceiverTimeout	0	static
../Drivers/STM32WBxx_HAL_Driver/Src/stm32wbxx_hal_uart.c:2893:19:HAL_UART_DisableReceiverTimeout	0	static
../Drivers/STM32WBxx_HAL_Driver/Src/stm32wbxx_hal_uart.c:2995:6:HAL_MultiProcessor_EnterMuteMode	0	static
../Drivers/STM32WBxx_HAL_Driver/Src/stm32wbxx_hal_uart.c:3005:19:HAL_HalfDuplex_EnableTransmitter	8	static,ignoring_inline_asm
../Drivers/STM32WBxx_HAL_Driver/Src/stm32wbxx_hal_uart.c:3028:19:HAL_HalfDuplex_EnableReceiver	8	static,ignoring_inline_asm
../Drivers/STM32WBxx_HAL_Driver/Src/stm32wbxx_hal_uart.c:3052:19:HAL_LIN_SendBreak	0	static
../Drivers/STM32WBxx_HAL_Driver/Src/stm32wbxx_hal_uart.c:3097:23:HAL_UART_GetState	0	static
../Drivers/STM32WBxx_HAL_Driver/Src/stm32wbxx_hal_uart.c:3113:10:HAL_UART_GetError	0	static
../Drivers/STM32WBxx_HAL_Driver/Src/stm32wbxx_hal_uart.c:3159:19:UART_SetConfig	16	static
../Drivers/STM32WBxx_HAL_Driver/Src/stm32wbxx_hal_uart.c:3385:6:UART_AdvFeatureConfig	8	static
../Drivers/STM32WBxx_HAL_Driver/Src/stm32wbxx_hal_uart.c:3528:19:UART_WaitOnFlagUntilTimeout	32	static
../Drivers/STM32WBxx_HAL_Driver/Src/stm32wbxx_hal_uart.c:1139:19:HAL_UART_Transmit	40	static
../Drivers/STM32WBxx_HAL_Driver/Src/stm32wbxx_hal_uart.c:1237:19:HAL_UART_Receive	40	static
../Drivers/STM32WBxx_HAL_Driver/Src/stm32wbxx_hal_uart.c:3459:19:UART_CheckIdleState	24	static,ignoring_inline_asm
../Drivers/STM32WBxx_HAL_Driver/Src/stm32wbxx_hal_uart.c:309:19:HAL_UART_Init	8	static
../Drivers/STM32WBxx_HAL_Driver/Src/stm32wbxx_hal_uart.c:388:19:HAL_HalfDuplex_Init	8	static
../Drivers/STM32WBxx_HAL_Driver/Src/stm32wbxx_hal_uart.c:463:19:HAL_LIN_Init	16	static
../Drivers/STM32WBxx_HAL_Driver/Src/stm32wbxx_hal_uart.c:562:19:HAL_MultiProcessor_Init	16	static
../Drivers/STM32WBxx_HAL_Driver/Src/stm32wbxx_hal_uart.c:2955:19:HAL_MultiProcessor_EnableMuteMode	0	static,ignoring_inline_asm
../Drivers/STM32WBxx_HAL_Driver/Src/stm32wbxx_hal_uart.c:2975:19:HAL_MultiProcessor_DisableMuteMode	0	static,ignoring_inline_asm
../Drivers/STM32WBxx_HAL_Driver/Src/stm32wbxx_hal_uart.c:3596:19:UART_Start_Receive_IT	12	static,ignoring_inline_asm
../Drivers/STM32WBxx_HAL_Driver/Src/stm32wbxx_hal_uart.c:1405:19:HAL_UART_Receive_IT	8	static,ignoring_inline_asm
../Drivers/STM32WBxx_HAL_Driver/Src/stm32wbxx_hal_uart.c:3668:19:UART_Start_Receive_DMA	16	static,ignoring_inline_asm
../Drivers/STM32WBxx_HAL_Driver/Src/stm32wbxx_hal_uart.c:1541:19:HAL_UART_Receive_DMA	8	static,ignoring_inline_asm
