../Drivers/STM32WBxx_HAL_Driver/Inc/stm32wbxx_ll_system.h:2223:26:LL_FLASH_GetUDN	4	static
../Drivers/STM32WBxx_HAL_Driver/Inc/stm32wbxx_ll_system.h:2235:26:LL_FLASH_GetDeviceID	4	static
../Drivers/STM32WBxx_HAL_Driver/Inc/stm32wbxx_ll_system.h:2247:26:LL_FLASH_GetSTCompanyID	4	static
../STM32_WPAN/App/app_ble.c:360:6:APP_BLE_Init	80	static
../STM32_WPAN/App/app_ble.c:518:28:SVCCTL_App_Notification	48	static
../STM32_WPAN/App/app_ble.c:748:22:APP_BLE_Get_Server_Connection_Status	4	static
../STM32_WPAN/App/app_ble.c:761:13:Ble_Tl_Init	16	static
../STM32_WPAN/App/app_ble.c:772:13:Ble_Hci_Gap_Gatt_Init	72	static
../STM32_WPAN/App/app_ble.c:1043:13:Adv_Request	56	static
../STM32_WPAN/App/app_ble.c:1133:16:BleGetBdAddress	32	static
../STM32_WPAN/App/app_ble.c:1189:13:Adv_Cancel	16	static
../STM32_WPAN/App/app_ble.c:1220:13:Adv_Cancel_Req	8	static
../STM32_WPAN/App/app_ble.c:1235:13:Switch_OFF_GPIO	4	static
../STM32_WPAN/App/app_ble.c:1299:6:hci_notify_asynch_evt	16	static
../STM32_WPAN/App/app_ble.c:1306:6:hci_cmd_resp_release	16	static
../STM32_WPAN/App/app_ble.c:1313:6:hci_cmd_resp_wait	16	static
../STM32_WPAN/App/app_ble.c:1320:13:BLE_UserEvtRx	24	static
../STM32_WPAN/App/app_ble.c:1340:13:BLE_StatusNot	24	static
../STM32_WPAN/App/app_ble.c:1376:6:SVCCTL_ResumeUserEventFlow	8	static
