../Drivers/STM32WBxx_HAL_Driver/Inc/stm32wbxx_ll_system.h:2223:26:LL_FLASH_GetUDN	4	static
../Drivers/STM32WBxx_HAL_Driver/Inc/stm32wbxx_ll_system.h:2235:26:LL_FLASH_GetDeviceID	4	static
../Drivers/STM32WBxx_HAL_Driver/Inc/stm32wbxx_ll_system.h:2247:26:LL_FLASH_GetSTCompanyID	4	static
../STM32_WPAN/App/app_ble.c:262:6:APP_BLE_Init	80	static
../STM32_WPAN/App/app_ble.c:408:28:SVCCTL_App_Notification	56	static
../STM32_WPAN/App/app_ble.c:705:22:APP_BLE_Get_Server_Connection_Status	4	static
../STM32_WPAN/App/app_ble.c:719:13:Ble_Tl_Init	16	static
../STM32_WPAN/App/app_ble.c:730:13:Ble_Hci_Gap_Gatt_Init	72	static
../STM32_WPAN/App/app_ble.c:986:13:Adv_Request	56	static
../STM32_WPAN/App/app_ble.c:1030:16:BleGetBdAddress	32	static
../STM32_WPAN/App/app_ble.c:1087:13:Adv_Cancel	16	static
../STM32_WPAN/App/app_ble.c:1176:6:hci_notify_asynch_evt	16	static
../STM32_WPAN/App/app_ble.c:1183:6:hci_cmd_resp_release	16	static
../STM32_WPAN/App/app_ble.c:1190:6:hci_cmd_resp_wait	16	static
../STM32_WPAN/App/app_ble.c:1197:13:BLE_UserEvtRx	24	static
../STM32_WPAN/App/app_ble.c:1217:13:BLE_StatusNot	24	static
../STM32_WPAN/App/app_ble.c:1256:6:SVCCTL_ResumeUserEventFlow	8	static
