../Middlewares/ST/STM32_WPAN/ble/core/auto/ble_events.c:192:13:hci_disconnection_complete_event	16	static
../Middlewares/ST/STM32_WPAN/ble/core/auto/ble_events.c:199:13:hci_disconnection_complete_event_process	24	static
../Middlewares/ST/STM32_WPAN/ble/core/auto/ble_events.c:208:13:hci_encryption_change_event	16	static
../Middlewares/ST/STM32_WPAN/ble/core/auto/ble_events.c:215:13:hci_encryption_change_event_process	24	static
../Middlewares/ST/STM32_WPAN/ble/core/auto/ble_events.c:224:13:hci_read_remote_version_information_complete_event	16	static
../Middlewares/ST/STM32_WPAN/ble/core/auto/ble_events.c:233:13:hci_read_remote_version_information_complete_event_process	40	static
../Middlewares/ST/STM32_WPAN/ble/core/auto/ble_events.c:244:13:hci_hardware_error_event	16	static
../Middlewares/ST/STM32_WPAN/ble/core/auto/ble_events.c:249:13:hci_hardware_error_event_process	24	static
../Middlewares/ST/STM32_WPAN/ble/core/auto/ble_events.c:256:13:hci_number_of_completed_packets_event	16	static
../Middlewares/ST/STM32_WPAN/ble/core/auto/ble_events.c:262:13:hci_number_of_completed_packets_event_process	24	static
../Middlewares/ST/STM32_WPAN/ble/core/auto/ble_events.c:270:13:hci_encryption_key_refresh_complete_event	16	static
../Middlewares/ST/STM32_WPAN/ble/core/auto/ble_events.c:276:13:hci_encryption_key_refresh_complete_event_process	24	static
../Middlewares/ST/STM32_WPAN/ble/core/auto/ble_events.c:284:13:hci_le_connection_complete_event	16	static
../Middlewares/ST/STM32_WPAN/ble/core/auto/ble_events.c:297:13:hci_le_connection_complete_event_process	64	static
../Middlewares/ST/STM32_WPAN/ble/core/auto/ble_events.c:312:13:hci_le_advertising_report_event	16	static
../Middlewares/ST/STM32_WPAN/ble/core/auto/ble_events.c:318:13:hci_le_advertising_report_event_process	40	static
../Middlewares/ST/STM32_WPAN/ble/core/auto/ble_events.c:335:13:hci_le_connection_update_complete_event	16	static
../Middlewares/ST/STM32_WPAN/ble/core/auto/ble_events.c:344:13:hci_le_connection_update_complete_event_process	40	static
../Middlewares/ST/STM32_WPAN/ble/core/auto/ble_events.c:355:13:hci_le_read_remote_features_complete_event	16	static
../Middlewares/ST/STM32_WPAN/ble/core/auto/ble_events.c:362:13:hci_le_read_remote_features_complete_event_process	24	static
../Middlewares/ST/STM32_WPAN/ble/core/auto/ble_events.c:371:13:hci_le_long_term_key_request_event	16	static
../Middlewares/ST/STM32_WPAN/ble/core/auto/ble_events.c:378:13:hci_le_long_term_key_request_event_process	24	static
../Middlewares/ST/STM32_WPAN/ble/core/auto/ble_events.c:387:13:hci_le_data_length_change_event	16	static
../Middlewares/ST/STM32_WPAN/ble/core/auto/ble_events.c:396:13:hci_le_data_length_change_event_process	40	static
../Middlewares/ST/STM32_WPAN/ble/core/auto/ble_events.c:407:13:hci_le_read_local_p256_public_key_complete_event	16	static
../Middlewares/ST/STM32_WPAN/ble/core/auto/ble_events.c:413:13:hci_le_read_local_p256_public_key_complete_event_process	24	static
../Middlewares/ST/STM32_WPAN/ble/core/auto/ble_events.c:421:13:hci_le_generate_dhkey_complete_event	16	static
../Middlewares/ST/STM32_WPAN/ble/core/auto/ble_events.c:427:13:hci_le_generate_dhkey_complete_event_process	24	static
../Middlewares/ST/STM32_WPAN/ble/core/auto/ble_events.c:435:13:hci_le_enhanced_connection_complete_event	16	static
../Middlewares/ST/STM32_WPAN/ble/core/auto/ble_events.c:450:13:hci_le_enhanced_connection_complete_event_process	80	static
../Middlewares/ST/STM32_WPAN/ble/core/auto/ble_events.c:467:13:hci_le_directed_advertising_report_event	16	static
../Middlewares/ST/STM32_WPAN/ble/core/auto/ble_events.c:473:13:hci_le_directed_advertising_report_event_process	24	static
../Middlewares/ST/STM32_WPAN/ble/core/auto/ble_events.c:481:13:hci_le_phy_update_complete_event	16	static
../Middlewares/ST/STM32_WPAN/ble/core/auto/ble_events.c:489:13:hci_le_phy_update_complete_event_process	24	static
../Middlewares/ST/STM32_WPAN/ble/core/auto/ble_events.c:499:13:hci_le_extended_advertising_report_event	16	static
../Middlewares/ST/STM32_WPAN/ble/core/auto/ble_events.c:517:13:hci_le_extended_advertising_report_event_process	96	static
../Middlewares/ST/STM32_WPAN/ble/core/auto/ble_events.c:537:13:hci_le_scan_timeout_event	4	static
../Middlewares/ST/STM32_WPAN/ble/core/auto/ble_events.c:542:13:hci_le_scan_timeout_event_process	16	static
../Middlewares/ST/STM32_WPAN/ble/core/auto/ble_events.c:548:13:hci_le_advertising_set_terminated_event	16	static
../Middlewares/ST/STM32_WPAN/ble/core/auto/ble_events.c:556:13:hci_le_advertising_set_terminated_event_process	24	static
../Middlewares/ST/STM32_WPAN/ble/core/auto/ble_events.c:566:13:hci_le_scan_request_received_event	16	static
../Middlewares/ST/STM32_WPAN/ble/core/auto/ble_events.c:573:13:hci_le_scan_request_received_event_process	24	static
../Middlewares/ST/STM32_WPAN/ble/core/auto/ble_events.c:582:13:hci_le_channel_selection_algorithm_event	16	static
../Middlewares/ST/STM32_WPAN/ble/core/auto/ble_events.c:588:13:hci_le_channel_selection_algorithm_event_process	24	static
../Middlewares/ST/STM32_WPAN/ble/core/auto/ble_events.c:596:13:aci_hal_end_of_radio_activity_event	16	static
../Middlewares/ST/STM32_WPAN/ble/core/auto/ble_events.c:605:13:aci_hal_end_of_radio_activity_event_process	40	static
../Middlewares/ST/STM32_WPAN/ble/core/auto/ble_events.c:616:13:aci_hal_scan_req_report_event	16	static
../Middlewares/ST/STM32_WPAN/ble/core/auto/ble_events.c:623:13:aci_hal_scan_req_report_event_process	24	static
../Middlewares/ST/STM32_WPAN/ble/core/auto/ble_events.c:632:13:aci_hal_fw_error_event	16	static
../Middlewares/ST/STM32_WPAN/ble/core/auto/ble_events.c:639:13:aci_hal_fw_error_event_process	24	static
../Middlewares/ST/STM32_WPAN/ble/core/auto/ble_events.c:648:13:aci_gap_limited_discoverable_event	4	static
../Middlewares/ST/STM32_WPAN/ble/core/auto/ble_events.c:653:13:aci_gap_limited_discoverable_event_process	16	static
../Middlewares/ST/STM32_WPAN/ble/core/auto/ble_events.c:659:13:aci_gap_pairing_complete_event	16	static
../Middlewares/ST/STM32_WPAN/ble/core/auto/ble_events.c:666:13:aci_gap_pairing_complete_event_process	24	static
../Middlewares/ST/STM32_WPAN/ble/core/auto/ble_events.c:675:13:aci_gap_pass_key_req_event	16	static
../Middlewares/ST/STM32_WPAN/ble/core/auto/ble_events.c:680:13:aci_gap_pass_key_req_event_process	24	static
../Middlewares/ST/STM32_WPAN/ble/core/auto/ble_events.c:687:13:aci_gap_authorization_req_event	16	static
../Middlewares/ST/STM32_WPAN/ble/core/auto/ble_events.c:692:13:aci_gap_authorization_req_event_process	24	static
../Middlewares/ST/STM32_WPAN/ble/core/auto/ble_events.c:699:13:aci_gap_peripheral_security_initiated_event	4	static
../Middlewares/ST/STM32_WPAN/ble/core/auto/ble_events.c:704:13:aci_gap_peripheral_security_initiated_event_process	16	static
../Middlewares/ST/STM32_WPAN/ble/core/auto/ble_events.c:710:13:aci_gap_bond_lost_event	4	static
../Middlewares/ST/STM32_WPAN/ble/core/auto/ble_events.c:715:13:aci_gap_bond_lost_event_process	16	static
../Middlewares/ST/STM32_WPAN/ble/core/auto/ble_events.c:721:13:aci_gap_proc_complete_event	16	static
../Middlewares/ST/STM32_WPAN/ble/core/auto/ble_events.c:729:13:aci_gap_proc_complete_event_process	24	static
../Middlewares/ST/STM32_WPAN/ble/core/auto/ble_events.c:739:13:aci_gap_addr_not_resolved_event	16	static
../Middlewares/ST/STM32_WPAN/ble/core/auto/ble_events.c:744:13:aci_gap_addr_not_resolved_event_process	24	static
../Middlewares/ST/STM32_WPAN/ble/core/auto/ble_events.c:751:13:aci_gap_numeric_comparison_value_event	16	static
../Middlewares/ST/STM32_WPAN/ble/core/auto/ble_events.c:757:13:aci_gap_numeric_comparison_value_event_process	24	static
../Middlewares/ST/STM32_WPAN/ble/core/auto/ble_events.c:765:13:aci_gap_keypress_notification_event	16	static
../Middlewares/ST/STM32_WPAN/ble/core/auto/ble_events.c:771:13:aci_gap_keypress_notification_event_process	24	static
../Middlewares/ST/STM32_WPAN/ble/core/auto/ble_events.c:779:13:aci_gap_pairing_request_event	16	static
../Middlewares/ST/STM32_WPAN/ble/core/auto/ble_events.c:786:13:aci_gap_pairing_request_event_process	24	static
../Middlewares/ST/STM32_WPAN/ble/core/auto/ble_events.c:795:13:aci_l2cap_connection_update_resp_event	16	static
../Middlewares/ST/STM32_WPAN/ble/core/auto/ble_events.c:801:13:aci_l2cap_connection_update_resp_event_process	24	static
../Middlewares/ST/STM32_WPAN/ble/core/auto/ble_events.c:809:13:aci_l2cap_proc_timeout_event	16	static
../Middlewares/ST/STM32_WPAN/ble/core/auto/ble_events.c:816:13:aci_l2cap_proc_timeout_event_process	24	static
../Middlewares/ST/STM32_WPAN/ble/core/auto/ble_events.c:825:13:aci_l2cap_connection_update_req_event	16	static
../Middlewares/ST/STM32_WPAN/ble/core/auto/ble_events.c:836:13:aci_l2cap_connection_update_req_event_process	56	static
../Middlewares/ST/STM32_WPAN/ble/core/auto/ble_events.c:849:13:aci_l2cap_command_reject_event	16	static
../Middlewares/ST/STM32_WPAN/ble/core/auto/ble_events.c:858:13:aci_l2cap_command_reject_event_process	40	static
../Middlewares/ST/STM32_WPAN/ble/core/auto/ble_events.c:869:13:aci_l2cap_coc_connect_event	16	static
../Middlewares/ST/STM32_WPAN/ble/core/auto/ble_events.c:879:13:aci_l2cap_coc_connect_event_process	40	static
../Middlewares/ST/STM32_WPAN/ble/core/auto/ble_events.c:891:13:aci_l2cap_coc_connect_confirm_event	16	static
../Middlewares/ST/STM32_WPAN/ble/core/auto/ble_events.c:902:13:aci_l2cap_coc_connect_confirm_event_process	56	static
../Middlewares/ST/STM32_WPAN/ble/core/auto/ble_events.c:915:13:aci_l2cap_coc_reconf_event	16	static
../Middlewares/ST/STM32_WPAN/ble/core/auto/ble_events.c:924:13:aci_l2cap_coc_reconf_event_process	40	static
../Middlewares/ST/STM32_WPAN/ble/core/auto/ble_events.c:935:13:aci_l2cap_coc_reconf_confirm_event	16	static
../Middlewares/ST/STM32_WPAN/ble/core/auto/ble_events.c:941:13:aci_l2cap_coc_reconf_confirm_event_process	24	static
../Middlewares/ST/STM32_WPAN/ble/core/auto/ble_events.c:949:13:aci_l2cap_coc_disconnect_event	16	static
../Middlewares/ST/STM32_WPAN/ble/core/auto/ble_events.c:954:13:aci_l2cap_coc_disconnect_event_process	24	static
../Middlewares/ST/STM32_WPAN/ble/core/auto/ble_events.c:961:13:aci_l2cap_coc_flow_control_event	16	static
../Middlewares/ST/STM32_WPAN/ble/core/auto/ble_events.c:967:13:aci_l2cap_coc_flow_control_event_process	24	static
../Middlewares/ST/STM32_WPAN/ble/core/auto/ble_events.c:975:13:aci_l2cap_coc_rx_data_event	16	static
../Middlewares/ST/STM32_WPAN/ble/core/auto/ble_events.c:982:13:aci_l2cap_coc_rx_data_event_process	24	static
../Middlewares/ST/STM32_WPAN/ble/core/auto/ble_events.c:991:13:aci_l2cap_coc_tx_pool_available_event	4	static
../Middlewares/ST/STM32_WPAN/ble/core/auto/ble_events.c:996:13:aci_l2cap_coc_tx_pool_available_event_process	16	static
../Middlewares/ST/STM32_WPAN/ble/core/auto/ble_events.c:1002:13:aci_gatt_attribute_modified_event	16	static
../Middlewares/ST/STM32_WPAN/ble/core/auto/ble_events.c:1011:13:aci_gatt_attribute_modified_event_process	40	static
../Middlewares/ST/STM32_WPAN/ble/core/auto/ble_events.c:1022:13:aci_gatt_proc_timeout_event	16	static
../Middlewares/ST/STM32_WPAN/ble/core/auto/ble_events.c:1027:13:aci_gatt_proc_timeout_event_process	24	static
../Middlewares/ST/STM32_WPAN/ble/core/auto/ble_events.c:1034:13:aci_att_exchange_mtu_resp_event	16	static
../Middlewares/ST/STM32_WPAN/ble/core/auto/ble_events.c:1040:13:aci_att_exchange_mtu_resp_event_process	24	static
../Middlewares/ST/STM32_WPAN/ble/core/auto/ble_events.c:1048:13:aci_att_find_info_resp_event	16	static
../Middlewares/ST/STM32_WPAN/ble/core/auto/ble_events.c:1056:13:aci_att_find_info_resp_event_process	24	static
../Middlewares/ST/STM32_WPAN/ble/core/auto/ble_events.c:1066:13:aci_att_find_by_type_value_resp_event	16	static
../Middlewares/ST/STM32_WPAN/ble/core/auto/ble_events.c:1073:13:aci_att_find_by_type_value_resp_event_process	24	static
../Middlewares/ST/STM32_WPAN/ble/core/auto/ble_events.c:1082:13:aci_att_read_by_type_resp_event	16	static
../Middlewares/ST/STM32_WPAN/ble/core/auto/ble_events.c:1090:13:aci_att_read_by_type_resp_event_process	24	static
../Middlewares/ST/STM32_WPAN/ble/core/auto/ble_events.c:1100:13:aci_att_read_resp_event	16	static
../Middlewares/ST/STM32_WPAN/ble/core/auto/ble_events.c:1107:13:aci_att_read_resp_event_process	24	static
../Middlewares/ST/STM32_WPAN/ble/core/auto/ble_events.c:1116:13:aci_att_read_blob_resp_event	16	static
../Middlewares/ST/STM32_WPAN/ble/core/auto/ble_events.c:1123:13:aci_att_read_blob_resp_event_process	24	static
../Middlewares/ST/STM32_WPAN/ble/core/auto/ble_events.c:1132:13:aci_att_read_multiple_resp_event	16	static
../Middlewares/ST/STM32_WPAN/ble/core/auto/ble_events.c:1139:13:aci_att_read_multiple_resp_event_process	24	static
../Middlewares/ST/STM32_WPAN/ble/core/auto/ble_events.c:1148:13:aci_att_read_by_group_type_resp_event	16	static
../Middlewares/ST/STM32_WPAN/ble/core/auto/ble_events.c:1156:13:aci_att_read_by_group_type_resp_event_process	24	static
../Middlewares/ST/STM32_WPAN/ble/core/auto/ble_events.c:1166:13:aci_att_prepare_write_resp_event	16	static
../Middlewares/ST/STM32_WPAN/ble/core/auto/ble_events.c:1175:13:aci_att_prepare_write_resp_event_process	40	static
../Middlewares/ST/STM32_WPAN/ble/core/auto/ble_events.c:1186:13:aci_att_exec_write_resp_event	16	static
../Middlewares/ST/STM32_WPAN/ble/core/auto/ble_events.c:1191:13:aci_att_exec_write_resp_event_process	24	static
../Middlewares/ST/STM32_WPAN/ble/core/auto/ble_events.c:1198:13:aci_gatt_indication_event	24	static
../Middlewares/ST/STM32_WPAN/ble/core/auto/ble_events.c:1206:13:aci_gatt_indication_event_process	24	static
../Middlewares/ST/STM32_WPAN/ble/core/auto/ble_events.c:1216:13:aci_gatt_notification_event	24	static
../Middlewares/ST/STM32_WPAN/ble/core/auto/ble_events.c:1224:13:aci_gatt_notification_event_process	24	static
../Middlewares/ST/STM32_WPAN/ble/core/auto/ble_events.c:1234:13:aci_gatt_proc_complete_event	16	static
../Middlewares/ST/STM32_WPAN/ble/core/auto/ble_events.c:1240:13:aci_gatt_proc_complete_event_process	24	static
../Middlewares/ST/STM32_WPAN/ble/core/auto/ble_events.c:1248:13:aci_gatt_error_resp_event	16	static
../Middlewares/ST/STM32_WPAN/ble/core/auto/ble_events.c:1256:13:aci_gatt_error_resp_event_process	24	static
../Middlewares/ST/STM32_WPAN/ble/core/auto/ble_events.c:1266:13:aci_gatt_disc_read_char_by_uuid_resp_event	24	static
../Middlewares/ST/STM32_WPAN/ble/core/auto/ble_events.c:1274:13:aci_gatt_disc_read_char_by_uuid_resp_event_process	24	static
../Middlewares/ST/STM32_WPAN/ble/core/auto/ble_events.c:1284:13:aci_gatt_write_permit_req_event	24	static
../Middlewares/ST/STM32_WPAN/ble/core/auto/ble_events.c:1292:13:aci_gatt_write_permit_req_event_process	24	static
../Middlewares/ST/STM32_WPAN/ble/core/auto/ble_events.c:1302:13:aci_gatt_read_permit_req_event	16	static
../Middlewares/ST/STM32_WPAN/ble/core/auto/ble_events.c:1309:13:aci_gatt_read_permit_req_event_process	24	static
../Middlewares/ST/STM32_WPAN/ble/core/auto/ble_events.c:1318:13:aci_gatt_read_multi_permit_req_event	16	static
../Middlewares/ST/STM32_WPAN/ble/core/auto/ble_events.c:1325:13:aci_gatt_read_multi_permit_req_event_process	24	static
../Middlewares/ST/STM32_WPAN/ble/core/auto/ble_events.c:1334:13:aci_gatt_tx_pool_available_event	16	static
../Middlewares/ST/STM32_WPAN/ble/core/auto/ble_events.c:1340:13:aci_gatt_tx_pool_available_event_process	24	static
../Middlewares/ST/STM32_WPAN/ble/core/auto/ble_events.c:1348:13:aci_gatt_server_confirmation_event	16	static
../Middlewares/ST/STM32_WPAN/ble/core/auto/ble_events.c:1353:13:aci_gatt_server_confirmation_event_process	24	static
../Middlewares/ST/STM32_WPAN/ble/core/auto/ble_events.c:1360:13:aci_gatt_prepare_write_permit_req_event	16	static
../Middlewares/ST/STM32_WPAN/ble/core/auto/ble_events.c:1369:13:aci_gatt_prepare_write_permit_req_event_process	40	static
../Middlewares/ST/STM32_WPAN/ble/core/auto/ble_events.c:1380:13:aci_gatt_eatt_bearer_event	16	static
../Middlewares/ST/STM32_WPAN/ble/core/auto/ble_events.c:1387:13:aci_gatt_eatt_bearer_event_process	24	static
../Middlewares/ST/STM32_WPAN/ble/core/auto/ble_events.c:1396:13:aci_gatt_mult_notification_event	24	static
../Middlewares/ST/STM32_WPAN/ble/core/auto/ble_events.c:1404:13:aci_gatt_mult_notification_event_process	24	static
../Middlewares/ST/STM32_WPAN/ble/core/auto/ble_events.c:1414:13:aci_gatt_notification_complete_event	16	static
../Middlewares/ST/STM32_WPAN/ble/core/auto/ble_events.c:1419:13:aci_gatt_notification_complete_event_process	24	static
../Middlewares/ST/STM32_WPAN/ble/core/auto/ble_events.c:1426:13:aci_gatt_read_ext_event	24	static
../Middlewares/ST/STM32_WPAN/ble/core/auto/ble_events.c:1434:13:aci_gatt_read_ext_event_process	24	static
../Middlewares/ST/STM32_WPAN/ble/core/auto/ble_events.c:1444:13:aci_gatt_indication_ext_event	16	static
../Middlewares/ST/STM32_WPAN/ble/core/auto/ble_events.c:1453:13:aci_gatt_indication_ext_event_process	40	static
../Middlewares/ST/STM32_WPAN/ble/core/auto/ble_events.c:1464:13:aci_gatt_notification_ext_event	16	static
../Middlewares/ST/STM32_WPAN/ble/core/auto/ble_events.c:1473:13:aci_gatt_notification_ext_event_process	40	static
