../Drivers/STM32WBxx_HAL_Driver/Src/stm32wbxx_hal_tim_ex.c:176:19:HAL_TIMEx_HallSensor_Init	48	static
../Drivers/STM32WBxx_HAL_Driver/Src/stm32wbxx_hal_tim_ex.c:278:19:HAL_TIMEx_HallSensor_DeInit	16	static
../Drivers/STM32WBxx_HAL_Driver/Src/stm32wbxx_hal_tim_ex.c:323:13:HAL_TIMEx_HallSensor_MspInit	16	static
../Drivers/STM32WBxx_HAL_Driver/Src/stm32wbxx_hal_tim_ex.c:338:13:HAL_TIMEx_HallSensor_MspDeInit	16	static
../Drivers/STM32WBxx_HAL_Driver/Src/stm32wbxx_hal_tim_ex.c:353:19:HAL_TIMEx_HallSensor_Start	24	static
../Drivers/STM32WBxx_HAL_Driver/Src/stm32wbxx_hal_tim_ex.c:407:19:HAL_TIMEx_HallSensor_Stop	16	static
../Drivers/STM32WBxx_HAL_Driver/Src/stm32wbxx_hal_tim_ex.c:435:19:HAL_TIMEx_HallSensor_Start_IT	24	static
../Drivers/STM32WBxx_HAL_Driver/Src/stm32wbxx_hal_tim_ex.c:492:19:HAL_TIMEx_HallSensor_Stop_IT	16	static
../Drivers/STM32WBxx_HAL_Driver/Src/stm32wbxx_hal_tim_ex.c:525:19:HAL_TIMEx_HallSensor_Start_DMA	32	static
../Drivers/STM32WBxx_HAL_Driver/Src/stm32wbxx_hal_tim_ex.c:601:19:HAL_TIMEx_HallSensor_Stop_DMA	16	static
../Drivers/STM32WBxx_HAL_Driver/Src/stm32wbxx_hal_tim_ex.c:663:19:HAL_TIMEx_OCN_Start	24	static
../Drivers/STM32WBxx_HAL_Driver/Src/stm32wbxx_hal_tim_ex.c:714:19:HAL_TIMEx_OCN_Stop	16	static
../Drivers/STM32WBxx_HAL_Driver/Src/stm32wbxx_hal_tim_ex.c:746:19:HAL_TIMEx_OCN_Start_IT	24	static
../Drivers/STM32WBxx_HAL_Driver/Src/stm32wbxx_hal_tim_ex.c:833:19:HAL_TIMEx_OCN_Stop_IT	24	static
../Drivers/STM32WBxx_HAL_Driver/Src/stm32wbxx_hal_tim_ex.c:908:19:HAL_TIMEx_OCN_Start_DMA	32	static
../Drivers/STM32WBxx_HAL_Driver/Src/stm32wbxx_hal_tim_ex.c:1046:19:HAL_TIMEx_OCN_Stop_DMA	24	static
../Drivers/STM32WBxx_HAL_Driver/Src/stm32wbxx_hal_tim_ex.c:1136:19:HAL_TIMEx_PWMN_Start	24	static
../Drivers/STM32WBxx_HAL_Driver/Src/stm32wbxx_hal_tim_ex.c:1186:19:HAL_TIMEx_PWMN_Stop	16	static
../Drivers/STM32WBxx_HAL_Driver/Src/stm32wbxx_hal_tim_ex.c:1218:19:HAL_TIMEx_PWMN_Start_IT	24	static
../Drivers/STM32WBxx_HAL_Driver/Src/stm32wbxx_hal_tim_ex.c:1304:19:HAL_TIMEx_PWMN_Stop_IT	24	static
../Drivers/STM32WBxx_HAL_Driver/Src/stm32wbxx_hal_tim_ex.c:1379:19:HAL_TIMEx_PWMN_Start_DMA	32	static
../Drivers/STM32WBxx_HAL_Driver/Src/stm32wbxx_hal_tim_ex.c:1517:19:HAL_TIMEx_PWMN_Stop_DMA	24	static
../Drivers/STM32WBxx_HAL_Driver/Src/stm32wbxx_hal_tim_ex.c:1608:19:HAL_TIMEx_OnePulseN_Start	24	static
../Drivers/STM32WBxx_HAL_Driver/Src/stm32wbxx_hal_tim_ex.c:1657:19:HAL_TIMEx_OnePulseN_Stop	24	static
../Drivers/STM32WBxx_HAL_Driver/Src/stm32wbxx_hal_tim_ex.c:1696:19:HAL_TIMEx_OnePulseN_Start_IT	24	static
../Drivers/STM32WBxx_HAL_Driver/Src/stm32wbxx_hal_tim_ex.c:1751:19:HAL_TIMEx_OnePulseN_Stop_IT	24	static
../Drivers/STM32WBxx_HAL_Driver/Src/stm32wbxx_hal_tim_ex.c:1831:19:HAL_TIMEx_ConfigCommutEvent	24	static
../Drivers/STM32WBxx_HAL_Driver/Src/stm32wbxx_hal_tim_ex.c:1887:19:HAL_TIMEx_ConfigCommutEvent_IT	24	static
../Drivers/STM32WBxx_HAL_Driver/Src/stm32wbxx_hal_tim_ex.c:1944:19:HAL_TIMEx_ConfigCommutEvent_DMA	24	static
../Drivers/STM32WBxx_HAL_Driver/Src/stm32wbxx_hal_tim_ex.c:1993:19:HAL_TIMEx_MasterConfigSynchronization	24	static
../Drivers/STM32WBxx_HAL_Driver/Src/stm32wbxx_hal_tim_ex.c:2066:19:HAL_TIMEx_ConfigBreakDeadTime	24	static
../Drivers/STM32WBxx_HAL_Driver/Src/stm32wbxx_hal_tim_ex.c:2134:19:HAL_TIMEx_ConfigBreakInput	48	static
../Drivers/STM32WBxx_HAL_Driver/Src/stm32wbxx_hal_tim_ex.c:2291:19:HAL_TIMEx_RemapConfig	24	static
../Drivers/STM32WBxx_HAL_Driver/Src/stm32wbxx_hal_tim_ex.c:2347:19:HAL_TIMEx_GroupChannel5	16	static
../Drivers/STM32WBxx_HAL_Driver/Src/stm32wbxx_hal_tim_ex.c:2385:19:HAL_TIMEx_DisarmBreakInput	24	static
../Drivers/STM32WBxx_HAL_Driver/Src/stm32wbxx_hal_tim_ex.c:2439:19:HAL_TIMEx_ReArmBreakInput	24	static
../Drivers/STM32WBxx_HAL_Driver/Src/stm32wbxx_hal_tim_ex.c:2528:13:HAL_TIMEx_CommutCallback	16	static
../Drivers/STM32WBxx_HAL_Driver/Src/stm32wbxx_hal_tim_ex.c:2542:13:HAL_TIMEx_CommutHalfCpltCallback	16	static
../Drivers/STM32WBxx_HAL_Driver/Src/stm32wbxx_hal_tim_ex.c:2557:13:HAL_TIMEx_BreakCallback	16	static
../Drivers/STM32WBxx_HAL_Driver/Src/stm32wbxx_hal_tim_ex.c:2572:13:HAL_TIMEx_Break2Callback	16	static
../Drivers/STM32WBxx_HAL_Driver/Src/stm32wbxx_hal_tim_ex.c:2605:22:HAL_TIMEx_HallSensor_GetState	16	static
../Drivers/STM32WBxx_HAL_Driver/Src/stm32wbxx_hal_tim_ex.c:2620:29:HAL_TIMEx_GetChannelNState	24	static
../Drivers/STM32WBxx_HAL_Driver/Src/stm32wbxx_hal_tim_ex.c:2649:6:TIMEx_DMACommutationCplt	24	static
../Drivers/STM32WBxx_HAL_Driver/Src/stm32wbxx_hal_tim_ex.c:2668:6:TIMEx_DMACommutationHalfCplt	24	static
../Drivers/STM32WBxx_HAL_Driver/Src/stm32wbxx_hal_tim_ex.c:2688:13:TIM_DMADelayPulseNCplt	24	static
../Drivers/STM32WBxx_HAL_Driver/Src/stm32wbxx_hal_tim_ex.c:2738:13:TIM_DMAErrorCCxN	24	static
../Drivers/STM32WBxx_HAL_Driver/Src/stm32wbxx_hal_tim_ex.c:2783:13:TIM_CCxNChannelCmd	32	static
