../Drivers/STM32WBxx_HAL_Driver/Src/stm32wbxx_hal_rtc_ex.c:176:19:HAL_RTCEx_SetTimeStamp	32	static
../Drivers/STM32WBxx_HAL_Driver/Src/stm32wbxx_hal_rtc_ex.c:246:19:HAL_RTCEx_SetTimeStamp_IT	32	static
../Drivers/STM32WBxx_HAL_Driver/Src/stm32wbxx_hal_rtc_ex.c:310:19:HAL_RTCEx_DeactivateTimeStamp	24	static
../Drivers/STM32WBxx_HAL_Driver/Src/stm32wbxx_hal_rtc_ex.c:349:19:HAL_RTCEx_SetInternalTimeStamp	16	static
../Drivers/STM32WBxx_HAL_Driver/Src/stm32wbxx_hal_rtc_ex.c:383:19:HAL_RTCEx_DeactivateInternalTimeStamp	16	static
../Drivers/STM32WBxx_HAL_Driver/Src/stm32wbxx_hal_rtc_ex.c:419:19:HAL_RTCEx_GetTimeStamp	32	static
../Drivers/STM32WBxx_HAL_Driver/Src/stm32wbxx_hal_rtc_ex.c:476:19:HAL_RTCEx_SetTamper	24	static
../Drivers/STM32WBxx_HAL_Driver/Src/stm32wbxx_hal_rtc_ex.c:651:19:HAL_RTCEx_SetTamper_IT	24	static
../Drivers/STM32WBxx_HAL_Driver/Src/stm32wbxx_hal_rtc_ex.c:818:19:HAL_RTCEx_DeactivateTamper	16	static
../Drivers/STM32WBxx_HAL_Driver/Src/stm32wbxx_hal_rtc_ex.c:864:6:HAL_RTCEx_TamperTimeStampIRQHandler	16	static
../Drivers/STM32WBxx_HAL_Driver/Src/stm32wbxx_hal_rtc_ex.c:956:13:HAL_RTCEx_TimeStampEventCallback	16	static
../Drivers/STM32WBxx_HAL_Driver/Src/stm32wbxx_hal_rtc_ex.c:973:13:HAL_RTCEx_Tamper1EventCallback	16	static
../Drivers/STM32WBxx_HAL_Driver/Src/stm32wbxx_hal_rtc_ex.c:990:13:HAL_RTCEx_Tamper2EventCallback	16	static
../Drivers/STM32WBxx_HAL_Driver/Src/stm32wbxx_hal_rtc_ex.c:1007:13:HAL_RTCEx_Tamper3EventCallback	16	static
../Drivers/STM32WBxx_HAL_Driver/Src/stm32wbxx_hal_rtc_ex.c:1025:19:HAL_RTCEx_PollForTimeStampEvent	24	static
../Drivers/STM32WBxx_HAL_Driver/Src/stm32wbxx_hal_rtc_ex.c:1069:19:HAL_RTCEx_PollForTamper1Event	24	static
../Drivers/STM32WBxx_HAL_Driver/Src/stm32wbxx_hal_rtc_ex.c:1106:19:HAL_RTCEx_PollForTamper2Event	24	static
../Drivers/STM32WBxx_HAL_Driver/Src/stm32wbxx_hal_rtc_ex.c:1143:19:HAL_RTCEx_PollForTamper3Event	24	static
../Drivers/STM32WBxx_HAL_Driver/Src/stm32wbxx_hal_rtc_ex.c:1196:19:HAL_RTCEx_SetWakeUpTimer	32	static
../Drivers/STM32WBxx_HAL_Driver/Src/stm32wbxx_hal_rtc_ex.c:1292:19:HAL_RTCEx_SetWakeUpTimer_IT	32	static
../Drivers/STM32WBxx_HAL_Driver/Src/stm32wbxx_hal_rtc_ex.c:1393:19:HAL_RTCEx_DeactivateWakeUpTimer	24	static
../Drivers/STM32WBxx_HAL_Driver/Src/stm32wbxx_hal_rtc_ex.c:1448:10:HAL_RTCEx_GetWakeUpTimer	16	static
../Drivers/STM32WBxx_HAL_Driver/Src/stm32wbxx_hal_rtc_ex.c:1465:6:HAL_RTCEx_WakeUpTimerIRQHandler	16	static
../Drivers/STM32WBxx_HAL_Driver/Src/stm32wbxx_hal_rtc_ex.c:1494:13:HAL_RTCEx_WakeUpTimerEventCallback	16	static
../Drivers/STM32WBxx_HAL_Driver/Src/stm32wbxx_hal_rtc_ex.c:1511:19:HAL_RTCEx_PollForWakeUpTimerEvent	24	static
../Drivers/STM32WBxx_HAL_Driver/Src/stm32wbxx_hal_rtc_ex.c:1577:6:HAL_RTCEx_BKUPWrite	32	static
../Drivers/STM32WBxx_HAL_Driver/Src/stm32wbxx_hal_rtc_ex.c:1600:10:HAL_RTCEx_BKUPRead	24	static
../Drivers/STM32WBxx_HAL_Driver/Src/stm32wbxx_hal_rtc_ex.c:1634:19:HAL_RTCEx_SetSmoothCalib	32	static
../Drivers/STM32WBxx_HAL_Driver/Src/stm32wbxx_hal_rtc_ex.c:1706:19:HAL_RTCEx_SetSynchroShift	32	static
../Drivers/STM32WBxx_HAL_Driver/Src/stm32wbxx_hal_rtc_ex.c:1801:19:HAL_RTCEx_SetCalibrationOutPut	16	static
../Drivers/STM32WBxx_HAL_Driver/Src/stm32wbxx_hal_rtc_ex.c:1840:19:HAL_RTCEx_DeactivateCalibrationOutPut	16	static
../Drivers/STM32WBxx_HAL_Driver/Src/stm32wbxx_hal_rtc_ex.c:1870:19:HAL_RTCEx_SetRefClock	24	static
../Drivers/STM32WBxx_HAL_Driver/Src/stm32wbxx_hal_rtc_ex.c:1914:19:HAL_RTCEx_DeactivateRefClock	24	static
../Drivers/STM32WBxx_HAL_Driver/Src/stm32wbxx_hal_rtc_ex.c:1960:19:HAL_RTCEx_EnableBypassShadow	16	static
../Drivers/STM32WBxx_HAL_Driver/Src/stm32wbxx_hal_rtc_ex.c:1993:19:HAL_RTCEx_DisableBypassShadow	16	static
../Drivers/STM32WBxx_HAL_Driver/Src/stm32wbxx_hal_rtc_ex.c:2043:13:HAL_RTCEx_AlarmBEventCallback	16	static
../Drivers/STM32WBxx_HAL_Driver/Src/stm32wbxx_hal_rtc_ex.c:2060:19:HAL_RTCEx_PollForAlarmBEvent	24	static
