../Core/Src/ssd1306.c:8:6:ssd1306_Reset	0	static
../Core/Src/ssd1306.c:13:6:ssd1306_WriteCommand	32	static
../Core/Src/ssd1306.c:18:6:ssd1306_WriteData	24	static
../Core/Src/ssd1306.c:29:17:ssd1306_FillBuffer	8	static
../Core/Src/ssd1306.c:141:6:ssd1306_Fill	0	static
../Core/Src/ssd1306.c:146:6:ssd1306_UpdateScreen	16	static
../Core/Src/ssd1306.c:167:6:ssd1306_DrawPixel	12	static
../Core/Src/ssd1306.c:187:6:ssd1306_WriteChar	64	static
../Core/Src/ssd1306.c:222:6:ssd1306_WriteString	24	static
../Core/Src/ssd1306.c:236:6:ssd1306_SetCursor	0	static
../Core/Src/ssd1306.c:242:6:ssd1306_Line	48	static
../Core/Src/ssd1306.c:269:6:ssd1306_Polyline	32	static
../Core/Src/ssd1306.c:304:6:ssd1306_DrawArc	88	static
../Core/Src/ssd1306.c:344:6:ssd1306_DrawArcWithRadiusLine	88	static
../Core/Src/ssd1306.c:387:6:ssd1306_DrawCircle	48	static
../Core/Src/ssd1306.c:422:6:ssd1306_FillCircle	48	static
../Core/Src/ssd1306.c:458:6:ssd1306_DrawRectangle	32	static
../Core/Src/ssd1306.c:468:6:ssd1306_FillRectangle	24	static
../Core/Src/ssd1306.c:483:6:ssd1306_DrawBitmap	48	static
../Core/Src/ssd1306.c:507:6:ssd1306_SetContrast	8	static
../Core/Src/ssd1306.c:513:6:ssd1306_SetDisplayOn	0	static
../Core/Src/ssd1306.c:39:6:ssd1306_Init	8	static
../Core/Src/ssd1306.c:525:9:ssd1306_GetDisplayOn	0	static
../Core/Src/ssd1306.c:530:6:batterygauge	64	static
../Core/Src/ssd1306.c:583:6:percentage	32	static
