../Drivers/STM32WBxx_HAL_Driver/Src/stm32wbxx_hal_rtc.c:674:13:HAL_RTC_MspInit	0	static
../Drivers/STM32WBxx_HAL_Driver/Src/stm32wbxx_hal_rtc.c:690:13:HAL_RTC_MspDeInit	0	static
../Drivers/STM32WBxx_HAL_Driver/Src/stm32wbxx_hal_rtc.c:1430:19:HAL_RTC_DeactivateAlarm	16	static
../Drivers/STM32WBxx_HAL_Driver/Src/stm32wbxx_hal_rtc.c:1630:13:HAL_RTC_AlarmAEventCallback	0	static
../Drivers/STM32WBxx_HAL_Driver/Src/stm32wbxx_hal_rtc.c:1579:6:HAL_RTC_AlarmIRQHandler	8	static
../Drivers/STM32WBxx_HAL_Driver/Src/stm32wbxx_hal_rtc.c:1647:19:HAL_RTC_PollForAlarmAEvent	16	static
../Drivers/STM32WBxx_HAL_Driver/Src/stm32wbxx_hal_rtc.c:1711:19:HAL_RTC_WaitForSynchro	16	static
../Drivers/STM32WBxx_HAL_Driver/Src/stm32wbxx_hal_rtc.c:1740:6:HAL_RTC_DST_Add1Hour	0	static
../Drivers/STM32WBxx_HAL_Driver/Src/stm32wbxx_hal_rtc.c:1754:6:HAL_RTC_DST_Sub1Hour	0	static
../Drivers/STM32WBxx_HAL_Driver/Src/stm32wbxx_hal_rtc.c:1768:6:HAL_RTC_DST_SetStoreOperation	0	static
../Drivers/STM32WBxx_HAL_Driver/Src/stm32wbxx_hal_rtc.c:1781:6:HAL_RTC_DST_ClearStoreOperation	0	static
../Drivers/STM32WBxx_HAL_Driver/Src/stm32wbxx_hal_rtc.c:1793:10:HAL_RTC_DST_ReadStoreOperation	0	static
../Drivers/STM32WBxx_HAL_Driver/Src/stm32wbxx_hal_rtc.c:1822:21:HAL_RTC_GetState	0	static
../Drivers/STM32WBxx_HAL_Driver/Src/stm32wbxx_hal_rtc.c:1848:19:RTC_EnterInitMode	16	static
../Drivers/STM32WBxx_HAL_Driver/Src/stm32wbxx_hal_rtc.c:1883:19:RTC_ExitInitMode	8	static
../Drivers/STM32WBxx_HAL_Driver/Src/stm32wbxx_hal_rtc.c:255:19:HAL_RTC_Init	16	static
../Drivers/STM32WBxx_HAL_Driver/Src/stm32wbxx_hal_rtc.c:378:19:HAL_RTC_DeInit	16	static
../Drivers/STM32WBxx_HAL_Driver/Src/stm32wbxx_hal_rtc.c:1909:9:RTC_ByteToBcd2	0	static
../Drivers/STM32WBxx_HAL_Driver/Src/stm32wbxx_hal_rtc.c:731:19:HAL_RTC_SetTime	24	static
../Drivers/STM32WBxx_HAL_Driver/Src/stm32wbxx_hal_rtc.c:890:19:HAL_RTC_SetDate	24	static
../Drivers/STM32WBxx_HAL_Driver/Src/stm32wbxx_hal_rtc.c:1037:19:HAL_RTC_SetAlarm	32	static
../Drivers/STM32WBxx_HAL_Driver/Src/stm32wbxx_hal_rtc.c:1235:19:HAL_RTC_SetAlarm_IT	40	static
../Drivers/STM32WBxx_HAL_Driver/Src/stm32wbxx_hal_rtc.c:1927:9:RTC_Bcd2ToByte	0	static
../Drivers/STM32WBxx_HAL_Driver/Src/stm32wbxx_hal_rtc.c:845:19:HAL_RTC_GetTime	16	static
../Drivers/STM32WBxx_HAL_Driver/Src/stm32wbxx_hal_rtc.c:979:19:HAL_RTC_GetDate	16	static
../Drivers/STM32WBxx_HAL_Driver/Src/stm32wbxx_hal_rtc.c:1528:19:HAL_RTC_GetAlarm	24	static
