../Core/Src/ssd1306.c:8:6:ssd1306_Reset	4	static
../Core/Src/ssd1306.c:23:6:ssd1306_WriteCommand	32	static
../Core/Src/ssd1306.c:29:6:ssd1306_WriteData	24	static
../Core/Src/ssd1306.c:43:17:ssd1306_FillBuffer	24	static
../Core/Src/ssd1306.c:53:6:ssd1306_Init	8	static
../Core/Src/ssd1306.c:155:6:ssd1306_Fill	16	static
../Core/Src/ssd1306.c:160:6:ssd1306_UpdateScreen	16	static
../Core/Src/ssd1306.c:184:6:ssd1306_DrawPixel	16	static
../Core/Src/ssd1306.c:204:6:ssd1306_WriteChar	48	static
../Core/Src/ssd1306.c:239:6:ssd1306_WriteString	24	static
../Core/Src/ssd1306.c:253:6:ssd1306_SetCursor	16	static
../Core/Src/ssd1306.c:259:6:ssd1306_Line	48	static
../Core/Src/ssd1306.c:286:6:ssd1306_Polyline	40	static
../Core/Src/ssd1306.c:300:14:ssd1306_DegToRad	16	static
../Core/Src/ssd1306.c:305:17:ssd1306_NormalizeTo0_360	24	static
../Core/Src/ssd1306.c:321:6:ssd1306_DrawArc	56	static
../Core/Src/ssd1306.c:361:6:ssd1306_DrawArcWithRadiusLine	64	static
../Core/Src/ssd1306.c:404:6:ssd1306_DrawCircle	40	static
../Core/Src/ssd1306.c:439:6:ssd1306_FillCircle	48	static
../Core/Src/ssd1306.c:475:6:ssd1306_DrawRectangle	32	static
../Core/Src/ssd1306.c:485:6:ssd1306_FillRectangle	32	static
../Core/Src/ssd1306.c:500:6:ssd1306_DrawBitmap	24	static
../Core/Src/ssd1306.c:524:6:ssd1306_SetContrast	24	static
../Core/Src/ssd1306.c:530:6:ssd1306_SetDisplayOn	24	static
../Core/Src/ssd1306.c:542:9:ssd1306_GetDisplayOn	4	static
../Core/Src/ssd1306.c:547:6:batterygauge	40	static
../Core/Src/ssd1306.c:596:6:batterygauge_screensaver	40	static
