../Core/Src/ssd1306.c:9:6:ssd1306_Reset	4	static
../Core/Src/ssd1306.c:13:6:ssd1306_WriteCommand	32	static
../Core/Src/ssd1306.c:19:6:ssd1306_WriteData	24	static
../Core/Src/ssd1306.c:33:17:ssd1306_FillBuffer	24	static
../Core/Src/ssd1306.c:43:6:ssd1306_Init	8	static
../Core/Src/ssd1306.c:145:6:ssd1306_Fill	16	static
../Core/Src/ssd1306.c:150:6:ssd1306_UpdateScreen	16	static
../Core/Src/ssd1306.c:166:6:ssd1306_DrawPixel	16	static
../Core/Src/ssd1306.c:179:6:ssd1306_WriteChar	48	static
../Core/Src/ssd1306.c:214:6:ssd1306_WriteString	24	static
../Core/Src/ssd1306.c:228:6:ssd1306_SetCursor	16	static
../Core/Src/ssd1306.c:234:6:ssd1306_Line	48	static
../Core/Src/ssd1306.c:261:6:ssd1306_Polyline	40	static
../Core/Src/ssd1306.c:275:14:ssd1306_DegToRad	16	static
../Core/Src/ssd1306.c:280:17:ssd1306_NormalizeTo0_360	24	static
../Core/Src/ssd1306.c:296:6:ssd1306_DrawArc	56	static
../Core/Src/ssd1306.c:336:6:ssd1306_DrawArcWithRadiusLine	64	static
../Core/Src/ssd1306.c:379:6:ssd1306_DrawCircle	40	static
../Core/Src/ssd1306.c:414:6:ssd1306_FillCircle	48	static
../Core/Src/ssd1306.c:450:6:ssd1306_DrawRectangle	32	static
../Core/Src/ssd1306.c:460:6:ssd1306_FillRectangle	32	static
../Core/Src/ssd1306.c:475:6:ssd1306_DrawBitmap	24	static
../Core/Src/ssd1306.c:499:6:ssd1306_SetContrast	24	static
../Core/Src/ssd1306.c:505:6:ssd1306_SetDisplayOn	24	static
../Core/Src/ssd1306.c:517:9:ssd1306_GetDisplayOn	4	static
../Core/Src/ssd1306.c:522:6:batterygauge	40	static
../Core/Src/ssd1306.c:571:6:batterygauge_screensaver	40	static
../Core/Src/ssd1306.c:609:23:bmp_pixel	16	static
../Core/Src/ssd1306.c:613:13:render	48	static
../Core/Src/ssd1306.c:632:16:ease	24	static
../Core/Src/ssd1306.c:639:6:ScreenAnim_Start	24	static
../Core/Src/ssd1306.c:653:9:ScreenAnim_IsActive	4	static
../Core/Src/ssd1306.c:657:9:ScreenAnim_InHold	4	static
../Core/Src/ssd1306.c:661:6:ScreenAnim_Step	16	static
