../Core/Src/user_diskio_spi.c:91:6:SPI_Timer_On	16	static
../Core/Src/user_diskio_spi.c:96:9:SPI_Timer_Status	8	static
../Core/Src/user_diskio_spi.c:106:6:xchg_spi	32	static
../Core/Src/user_diskio_spi.c:118:6:rcvr_spi_multi	32	static
../Core/Src/user_diskio_spi.c:132:6:xmit_spi_multi	24	static
../Core/Src/user_diskio_spi.c:149:5:wait_ready	32	static
../Core/Src/user_diskio_spi.c:176:6:despiselect	8	static
../Core/Src/user_diskio_spi.c:190:5:spiselect	8	static
../Core/Src/user_diskio_spi.c:207:5:rcvr_datablock	24	static
../Core/Src/user_diskio_spi.c:236:5:xmit_datablock	24	static
../Core/Src/user_diskio_spi.c:264:6:send_cmd	24	static
../Core/Src/user_diskio_spi.c:323:16:USER_SPI_initialize	32	static
../Core/Src/user_diskio_spi.c:379:16:USER_SPI_status	16	static
../Core/Src/user_diskio_spi.c:394:16:USER_SPI_read	24	static
../Core/Src/user_diskio_spi.c:433:16:USER_SPI_write	24	static
../Core/Src/user_diskio_spi.c:474:16:USER_SPI_ioctl	56	static
