../Drivers/STM32WBxx_HAL_Driver/Src/stm32wbxx_hal_spi.c:3949:26:SPI_WaitFlagStateUntilTimeout.constprop	32	static
../Drivers/STM32WBxx_HAL_Driver/Src/stm32wbxx_hal_spi.c:4021:26:SPI_WaitFifoStateUntilTimeout.constprop	40	static
../Drivers/STM32WBxx_HAL_Driver/Src/stm32wbxx_hal_spi.c:4355:13:SPI_AbortRx_ISR	16	static
../Drivers/STM32WBxx_HAL_Driver/Src/stm32wbxx_hal_spi.c:4104:26:SPI_EndRxTransaction	24	static
../Drivers/STM32WBxx_HAL_Driver/Src/stm32wbxx_hal_spi.c:4140:26:SPI_EndRxTxTransaction	16	static
../Drivers/STM32WBxx_HAL_Driver/Src/stm32wbxx_hal_spi.c:4400:13:SPI_AbortTx_ISR	16	static
../Drivers/STM32WBxx_HAL_Driver/Src/stm32wbxx_hal_spi.c:535:13:HAL_SPI_MspInit	0	static
../Drivers/STM32WBxx_HAL_Driver/Src/stm32wbxx_hal_spi.c:316:19:HAL_SPI_Init	16	static
../Drivers/STM32WBxx_HAL_Driver/Src/stm32wbxx_hal_spi.c:551:13:HAL_SPI_MspDeInit	0	static
../Drivers/STM32WBxx_HAL_Driver/Src/stm32wbxx_hal_spi.c:491:19:HAL_SPI_DeInit	8	static
../Drivers/STM32WBxx_HAL_Driver/Src/stm32wbxx_hal_spi.c:823:19:HAL_SPI_Transmit	40	static
../Drivers/STM32WBxx_HAL_Driver/Src/stm32wbxx_hal_spi.c:1255:19:HAL_SPI_TransmitReceive	32	static
../Drivers/STM32WBxx_HAL_Driver/Src/stm32wbxx_hal_spi.c:1012:19:HAL_SPI_Receive	40	static
../Drivers/STM32WBxx_HAL_Driver/Src/stm32wbxx_hal_spi.c:1603:19:HAL_SPI_Transmit_IT	8	static
../Drivers/STM32WBxx_HAL_Driver/Src/stm32wbxx_hal_spi.c:1789:19:HAL_SPI_TransmitReceive_IT	16	static
../Drivers/STM32WBxx_HAL_Driver/Src/stm32wbxx_hal_spi.c:1685:19:HAL_SPI_Receive_IT	12	static
../Drivers/STM32WBxx_HAL_Driver/Src/stm32wbxx_hal_spi.c:1897:19:HAL_SPI_Transmit_DMA	16	static
../Drivers/STM32WBxx_HAL_Driver/Src/stm32wbxx_hal_spi.c:2158:19:HAL_SPI_TransmitReceive_DMA	16	static
../Drivers/STM32WBxx_HAL_Driver/Src/stm32wbxx_hal_spi.c:2018:19:HAL_SPI_Receive_DMA	24	static
../Drivers/STM32WBxx_HAL_Driver/Src/stm32wbxx_hal_spi.c:2347:19:HAL_SPI_Abort	24	static
../Drivers/STM32WBxx_HAL_Driver/Src/stm32wbxx_hal_spi.c:2670:19:HAL_SPI_DMAPause	0	static
../Drivers/STM32WBxx_HAL_Driver/Src/stm32wbxx_hal_spi.c:2690:19:HAL_SPI_DMAResume	0	static
../Drivers/STM32WBxx_HAL_Driver/Src/stm32wbxx_hal_spi.c:2710:19:HAL_SPI_DMAStop	16	static
../Drivers/STM32WBxx_HAL_Driver/Src/stm32wbxx_hal_spi.c:2859:13:HAL_SPI_TxCpltCallback	0	static
../Drivers/STM32WBxx_HAL_Driver/Src/stm32wbxx_hal_spi.c:2875:13:HAL_SPI_RxCpltCallback	0	static
../Drivers/STM32WBxx_HAL_Driver/Src/stm32wbxx_hal_spi.c:2891:13:HAL_SPI_TxRxCpltCallback	0	static
../Drivers/STM32WBxx_HAL_Driver/Src/stm32wbxx_hal_spi.c:2907:13:HAL_SPI_TxHalfCpltCallback	0	static
../Drivers/STM32WBxx_HAL_Driver/Src/stm32wbxx_hal_spi.c:3320:13:SPI_DMAHalfTransmitCplt	8	static
../Drivers/STM32WBxx_HAL_Driver/Src/stm32wbxx_hal_spi.c:2923:13:HAL_SPI_RxHalfCpltCallback	0	static
../Drivers/STM32WBxx_HAL_Driver/Src/stm32wbxx_hal_spi.c:3338:13:SPI_DMAHalfReceiveCplt	8	static
../Drivers/STM32WBxx_HAL_Driver/Src/stm32wbxx_hal_spi.c:2939:13:HAL_SPI_TxRxHalfCpltCallback	0	static
../Drivers/STM32WBxx_HAL_Driver/Src/stm32wbxx_hal_spi.c:3356:13:SPI_DMAHalfTransmitReceiveCplt	8	static
../Drivers/STM32WBxx_HAL_Driver/Src/stm32wbxx_hal_spi.c:2955:13:HAL_SPI_ErrorCallback	0	static
../Drivers/STM32WBxx_HAL_Driver/Src/stm32wbxx_hal_spi.c:4306:13:SPI_CloseTx_ISR	16	static
../Drivers/STM32WBxx_HAL_Driver/Src/stm32wbxx_hal_spi.c:3894:13:SPI_TxISR_8BIT	0	static
../Drivers/STM32WBxx_HAL_Driver/Src/stm32wbxx_hal_spi.c:3919:13:SPI_TxISR_16BIT	4	static
../Drivers/STM32WBxx_HAL_Driver/Src/stm32wbxx_hal_spi.c:4249:13:SPI_CloseRx_ISR	8	static
../Drivers/STM32WBxx_HAL_Driver/Src/stm32wbxx_hal_spi.c:3805:13:SPI_RxISR_8BIT	0	static
../Drivers/STM32WBxx_HAL_Driver/Src/stm32wbxx_hal_spi.c:3861:13:SPI_RxISR_16BIT	0	static
../Drivers/STM32WBxx_HAL_Driver/Src/stm32wbxx_hal_spi.c:4172:13:SPI_CloseRxTx_ISR	8	static
../Drivers/STM32WBxx_HAL_Driver/Src/stm32wbxx_hal_spi.c:3637:13:SPI_2linesTxISR_8BIT	0	static
../Drivers/STM32WBxx_HAL_Driver/Src/stm32wbxx_hal_spi.c:3552:13:SPI_2linesRxISR_8BIT	0	static
../Drivers/STM32WBxx_HAL_Driver/Src/stm32wbxx_hal_spi.c:3740:13:SPI_2linesTxISR_16BIT	4	static
../Drivers/STM32WBxx_HAL_Driver/Src/stm32wbxx_hal_spi.c:3684:13:SPI_2linesRxISR_16BIT	4	static
../Drivers/STM32WBxx_HAL_Driver/Src/stm32wbxx_hal_spi.c:3374:13:SPI_DMAError	8	static
../Drivers/STM32WBxx_HAL_Driver/Src/stm32wbxx_hal_spi.c:3045:13:SPI_DMATransmitCplt	24	static
../Drivers/STM32WBxx_HAL_Driver/Src/stm32wbxx_hal_spi.c:3102:13:SPI_DMAReceiveCplt	16	static
../Drivers/STM32WBxx_HAL_Driver/Src/stm32wbxx_hal_spi.c:3219:13:SPI_DMATransmitReceiveCplt	16	static
../Drivers/STM32WBxx_HAL_Driver/Src/stm32wbxx_hal_spi.c:2752:6:HAL_SPI_IRQHandler	40	static
../Drivers/STM32WBxx_HAL_Driver/Src/stm32wbxx_hal_spi.c:3397:13:SPI_DMAAbortOnError	8	static
../Drivers/STM32WBxx_HAL_Driver/Src/stm32wbxx_hal_spi.c:2973:13:HAL_SPI_AbortCpltCallback	0	static
../Drivers/STM32WBxx_HAL_Driver/Src/stm32wbxx_hal_spi.c:2509:19:HAL_SPI_Abort_IT	32	static
../Drivers/STM32WBxx_HAL_Driver/Src/stm32wbxx_hal_spi.c:3486:13:SPI_DMARxAbortCallback	16	static
../Drivers/STM32WBxx_HAL_Driver/Src/stm32wbxx_hal_spi.c:3419:13:SPI_DMATxAbortCallback	16	static
../Drivers/STM32WBxx_HAL_Driver/Src/stm32wbxx_hal_spi.c:3008:22:HAL_SPI_GetState	0	static
../Drivers/STM32WBxx_HAL_Driver/Src/stm32wbxx_hal_spi.c:3020:10:HAL_SPI_GetError	0	static
